Archive member included to satisfy reference by file (symbol)

../../libpico-tflmicro.a(flatbuffer_conversions.cpp.o)
                              CMakeFiles/vlp_pico.dir/main.cpp.o (tflite::ParseFullyConnected(tflite::Operator const*, tflite::ErrorReporter*, tflite::BuiltinDataAllocator*, void**))
../../libpico-tflmicro.a(activations.cpp.o)
                              CMakeFiles/vlp_pico.dir/main.cpp.o (tflite::Register_RELU())
../../libpico-tflmicro.a(activations_common.cpp.o)
                              ../../libpico-tflmicro.a(activations.cpp.o) (tflite::ReluQuantized(tflite::ReluOpData const&, tflite::RuntimeShape const&, tflite::RuntimeShape const&, signed char const*, signed char*))
../../libpico-tflmicro.a(fully_connected.cpp.o)
                              CMakeFiles/vlp_pico.dir/main.cpp.o (tflite::Register_FULLY_CONNECTED())
../../libpico-tflmicro.a(fully_connected_common.cpp.o)
                              ../../libpico-tflmicro.a(fully_connected.cpp.o) (tflite::FullyConnectedParamsFloat(TfLiteFusedActivation))
../../libpico-tflmicro.a(kernel_util.cpp.o)
                              ../../libpico-tflmicro.a(activations.cpp.o) (tflite::micro::RegisterOp(void* (*)(TfLiteContext*, char const*, unsigned int), TfLiteStatus (*)(TfLiteContext*, TfLiteNode*), TfLiteStatus (*)(TfLiteContext*, TfLiteNode*), void (*)(TfLiteContext*, void*), void (*)(TfLiteContext*, void*)))
../../libpico-tflmicro.a(logistic.cpp.o)
                              CMakeFiles/vlp_pico.dir/main.cpp.o (tflite::Register_LOGISTIC())
../../libpico-tflmicro.a(logistic_common.cpp.o)
                              ../../libpico-tflmicro.a(logistic.cpp.o) (tflite::LogisticPrepare(TfLiteContext*, TfLiteNode*))
../../libpico-tflmicro.a(tanh.cpp.o)
                              CMakeFiles/vlp_pico.dir/main.cpp.o (tflite::Register_TANH())
../../libpico-tflmicro.a(memory_helpers.cpp.o)
                              ../../libpico-tflmicro.a(kernel_util.cpp.o) (tflite::TfLiteEvalTensorByteLength(TfLiteEvalTensor const*, unsigned int*))
../../libpico-tflmicro.a(micro_context.cpp.o)
                              ../../libpico-tflmicro.a(activations_common.cpp.o) (tflite::MicroContext::AllocateTempInputTensor(TfLiteNode const*, int))
../../libpico-tflmicro.a(micro_interpreter.cpp.o)
                              CMakeFiles/vlp_pico.dir/main.cpp.o (tflite::MicroInterpreter::MicroInterpreter(tflite::Model const*, tflite::MicroOpResolver const&, unsigned char*, unsigned int, tflite::MicroResourceVariables*, tflite::MicroProfilerInterface*, bool))
../../libpico-tflmicro.a(micro_interpreter_context.cpp.o)
                              ../../libpico-tflmicro.a(micro_interpreter.cpp.o) (tflite::MicroInterpreterContext::~MicroInterpreterContext())
../../libpico-tflmicro.a(micro_interpreter_graph.cpp.o)
                              ../../libpico-tflmicro.a(micro_interpreter.cpp.o) (tflite::MicroInterpreterGraph::~MicroInterpreterGraph())
../../libpico-tflmicro.a(micro_log.cpp.o)
                              ../../libpico-tflmicro.a(micro_context.cpp.o) (VMicroPrintf(char const*, std::__va_list))
../../libpico-tflmicro.a(micro_op_resolver.cpp.o)
                              ../../libpico-tflmicro.a(micro_interpreter.cpp.o) (tflite::GetRegistrationFromOpCode(tflite::OperatorCode const*, tflite::MicroOpResolver const&, TFLMRegistration const**))
../../libpico-tflmicro.a(micro_resource_variable.cpp.o)
                              ../../libpico-tflmicro.a(micro_interpreter_graph.cpp.o) (tflite::MicroResourceVariables::ResetAll())
../../libpico-tflmicro.a(micro_utils.cpp.o)
                              ../../libpico-tflmicro.a(micro_resource_variable.cpp.o) (tflite::EvalTensorBytes(TfLiteEvalTensor const*))
../../libpico-tflmicro.a(system_setup.cpp.o)
                              ../../libpico-tflmicro.a(micro_log.cpp.o) (DebugLog)
../../libpico-tflmicro.a(flatbuffer_conversions_bridge.cpp.o)
                              ../../libpico-tflmicro.a(memory_helpers.cpp.o) (tflite::ConvertTensorType(tflite::TensorType, TfLiteType*))
../../libpico-tflmicro.a(micro_error_reporter.cpp.o)
                              ../../libpico-tflmicro.a(flatbuffer_conversions_bridge.cpp.o) (tflite::GetMicroErrorReporter())
../../libpico-tflmicro.a(arm_convolve_1x1_s8_fast.c.o)
                              ../../libpico-tflmicro.a(fully_connected.cpp.o) (arm_convolve_1x1_s8_fast)
../../libpico-tflmicro.a(arm_convolve_get_buffer_sizes_s8.c.o)
                              ../../libpico-tflmicro.a(fully_connected.cpp.o) (arm_convolve_1x1_s8_fast_get_buffer_size)
../../libpico-tflmicro.a(arm_fully_connected_get_buffer_sizes_s16.c.o)
                              ../../libpico-tflmicro.a(fully_connected.cpp.o) (arm_fully_connected_s16_get_buffer_size)
../../libpico-tflmicro.a(arm_fully_connected_get_buffer_sizes_s8.c.o)
                              ../../libpico-tflmicro.a(fully_connected.cpp.o) (arm_fully_connected_s8_get_buffer_size)
[...]
Memory Configuration

Name             Origin             Length             Attributes
FLASH            0x10000000         0x00200000         xr
XIP_RAM          0x15000000         0x00004000         xrw
RAM              0x20000000         0x00040000         xrw
SCRATCH_X        0x20040000         0x00001000         xrw
SCRATCH_Y        0x20041000         0x00001000         xrw
*default*        0x00000000         0xffffffff

Linker script and memory map

                0x20000000                        RAM_ORIGIN_DEFAULT = 0x20000000
                0x00040000                        RAM_LENGTH_DEFAULT = 0x40000
                0x20040000                        SCRATCH_X_ORIGIN_DEFAULT = 0x20040000
                0x00001000                        SCRATCH_X_LENGTH_DEFAULT = 0x1000
                0x20041000                        SCRATCH_Y_ORIGIN_DEFAULT = 0x20041000
                0x00001000                        SCRATCH_Y_LENGTH_DEFAULT = 0x1000
                0x15000000                        XIP_RAM_ORIGIN_DEFAULT = 0x15000000
                0x00004000                        XIP_RAM_LENGTH_DEFAULT = 0x4000
LOAD CMakeFiles/vlp_pico.dir/main.cpp.o
LOAD CMakeFiles/vlp_pico.dir/model_data.cc.o
LOAD CMakeFiles/vlp_pico.dir/home/vivian/aihackathon/systems_meet_ai_hackaton/.deps/pico-sdk/src/rp2_common/pico_stdlib/stdlib.c.o
LOAD CMakeFiles/vlp_pico.dir/home/vivian/aihackathon/systems_meet_ai_hackaton/.deps/pico-sdk/src/rp2_common/hardware_gpio/gpio.c.o
LOAD CMakeFiles/vlp_pico.dir/home/vivian/aihackathon/systems_meet_ai_hackaton/.deps/pico-sdk/src/rp2040/pico_platform/platform.c.o
LOAD CMakeFiles/vlp_pico.dir/home/vivian/aihackathon/systems_meet_ai_hackaton/.deps/pico-sdk/src/rp2_common/pico_platform_common/common.c.o
LOAD CMakeFiles/vlp_pico.dir/home/vivian/aihackathon/systems_meet_ai_hackaton/.deps/pico-sdk/src/rp2_common/pico_platform_panic/panic.c.o
LOAD CMakeFiles/vlp_pico.dir/home/vivian/aihackathon/systems_meet_ai_hackaton/.deps/pico-sdk/src/rp2_common/pico_platform_panic/custom_panic_function.S.o
LOAD CMakeFiles/vlp_pico.dir/home/vivian/aihackathon/systems_meet_ai_hackaton/.deps/pico-sdk/src/common/hardware_claim/claim.c.o
LOAD CMakeFiles/vlp_pico.dir/home/vivian/aihackathon/systems_meet_ai_hackaton/.deps/pico-sdk/src/rp2_common/hardware_sync/sync.c.o
LOAD CMakeFiles/vlp_pico.dir/home/vivian/aihackathon/systems_meet_ai_hackaton/.deps/pico-sdk/src/rp2_common/hardware_sync_spin_lock/sync_spin_lock.c.o
LOAD CMakeFiles/vlp_pico.dir/home/vivian/aihackathon/systems_meet_ai_hackaton/.deps/pico-sdk/src/rp2_common/hardware_irq/irq.c.o
LOAD CMakeFiles/vlp_pico.dir/home/vivian/aihackathon/systems_meet_ai_hackaton/.deps/pico-sdk/src/rp2_common/hardware_irq/irq_handler_chain.S.o
LOAD CMakeFiles/vlp_pico.dir/home/vivian/aihackathon/systems_meet_ai_hackaton/.deps/pico-sdk/src/common/pico_sync/sem.c.o
LOAD CMakeFiles/vlp_pico.dir/home/vivian/aihackathon/systems_meet_ai_hackaton/.deps/pico-sdk/src/common/pico_sync/lock_core.c.o
LOAD CMakeFiles/vlp_pico.dir/home/vivian/aihackathon/systems_meet_ai_hackaton/.deps/pico-sdk/src/common/pico_sync/mutex.c.o
LOAD CMakeFiles/vlp_pico.dir/home/vivian/aihackathon/systems_meet_ai_hackaton/.deps/pico-sdk/src/common/pico_sync/critical_section.c.o
LOAD CMakeFiles/vlp_pico.dir/home/vivian/aihackathon/systems_meet_ai_hackaton/.deps/pico-sdk/src/common/pico_time/time.c.o
LOAD CMakeFiles/vlp_pico.dir/home/vivian/aihackathon/systems_meet_ai_hackaton/.deps/pico-sdk/src/common/pico_time/timeout_helper.c.o
LOAD CMakeFiles/vlp_pico.dir/home/vivian/aihackathon/systems_meet_ai_hackaton/.deps/pico-sdk/src/rp2_common/hardware_timer/timer.c.o
LOAD CMakeFiles/vlp_pico.dir/home/vivian/aihackathon/systems_meet_ai_hackaton/.deps/pico-sdk/src/common/pico_util/datetime.c.o
LOAD CMakeFiles/vlp_pico.dir/home/vivian/aihackathon/systems_meet_ai_hackaton/.deps/pico-sdk/src/common/pico_util/fixed_bitset.c.o
LOAD CMakeFiles/vlp_pico.dir/home/vivian/aihackathon/systems_meet_ai_hackaton/.deps/pico-sdk/src/common/pico_util/pheap.c.o
LOAD CMakeFiles/vlp_pico.dir/home/vivian/aihackathon/systems_meet_ai_hackaton/.deps/pico-sdk/src/common/pico_util/queue.c.o
LOAD CMakeFiles/vlp_pico.dir/home/vivian/aihackathon/systems_meet_ai_hackaton/.deps/pico-sdk/src/rp2_common/hardware_uart/uart.c.o
LOAD CMakeFiles/vlp_pico.dir/home/vivian/aihackathon/systems_meet_ai_hackaton/.deps/pico-sdk/src/rp2_common/hardware_clocks/clocks.c.o
LOAD CMakeFiles/vlp_pico.dir/home/vivian/aihackathon/systems_meet_ai_hackaton/.deps/pico-sdk/src/rp2_common/hardware_pll/pll.c.o
LOAD CMakeFiles/vlp_pico.dir/home/vivian/aihackathon/systems_meet_ai_hackaton/.deps/pico-sdk/src/rp2_common/hardware_vreg/vreg.c.o
LOAD CMakeFiles/vlp_pico.dir/home/vivian/aihackathon/systems_meet_ai_hackaton/.deps/pico-sdk/src/rp2_common/hardware_watchdog/watchdog.c.o
LOAD CMakeFiles/vlp_pico.dir/home/vivian/aihackathon/systems_meet_ai_hackaton/.deps/pico-sdk/src/rp2_common/hardware_ticks/ticks.c.o
LOAD CMakeFiles/vlp_pico.dir/home/vivian/aihackathon/systems_meet_ai_hackaton/.deps/pico-sdk/src/rp2_common/pico_bootrom/bootrom.c.o
LOAD CMakeFiles/vlp_pico.dir/home/vivian/aihackathon/systems_meet_ai_hackaton/.deps/pico-sdk/src/rp2_common/pico_bootrom/bootrom_lock.c.o
LOAD CMakeFiles/vlp_pico.dir/home/vivian/aihackathon/systems_meet_ai_hackaton/.deps/pico-sdk/src/rp2_common/hardware_boot_lock/boot_lock.c.o
LOAD CMakeFiles/vlp_pico.dir/home/vivian/aihackathon/systems_meet_ai_hackaton/.deps/pico-sdk/src/rp2_common/pico_flash/flash.c.o
LOAD CMakeFiles/vlp_pico.dir/home/vivian/aihackathon/systems_meet_ai_hackaton/.deps/pico-sdk/src/rp2_common/hardware_xosc/xosc.c.o
LOAD CMakeFiles/vlp_pico.dir/home/vivian/aihackathon/systems_meet_ai_hackaton/.deps/pico-sdk/src/rp2_common/hardware_divider/divider.S.o
LOAD CMakeFiles/vlp_pico.dir/home/vivian/aihackathon/systems_meet_ai_hackaton/.deps/pico-sdk/src/rp2_common/pico_runtime/runtime.c.o
LOAD CMakeFiles/vlp_pico.dir/home/vivian/aihackathon/systems_meet_ai_hackaton/.deps/pico-sdk/src/rp2_common/pico_runtime_init/runtime_init.c.o
LOAD CMakeFiles/vlp_pico.dir/home/vivian/aihackathon/systems_meet_ai_hackaton/.deps/pico-sdk/src/rp2_common/pico_runtime_init/runtime_init_clocks.c.o
LOAD CMakeFiles/vlp_pico.dir/home/vivian/aihackathon/systems_meet_ai_hackaton/.deps/pico-sdk/src/rp2_common/pico_runtime_init/runtime_init_stack_guard.c.o
LOAD CMakeFiles/vlp_pico.dir/home/vivian/aihackathon/systems_meet_ai_hackaton/.deps/pico-sdk/src/rp2_common/hardware_rtc/rtc.c.o
LOAD CMakeFiles/vlp_pico.dir/home/vivian/aihackathon/systems_meet_ai_hackaton/.deps/pico-sdk/src/rp2_common/pico_bit_ops/bit_ops_aeabi.S.o
LOAD CMakeFiles/vlp_pico.dir/home/vivian/aihackathon/systems_meet_ai_hackaton/.deps/pico-sdk/src/rp2_common/pico_divider/divider_hardware.S.o
LOAD CMakeFiles/vlp_pico.dir/home/vivian/aihackathon/systems_meet_ai_hackaton/.deps/pico-sdk/src/rp2_common/pico_double/double_aeabi_rp2040.S.o
LOAD CMakeFiles/vlp_pico.dir/home/vivian/aihackathon/systems_meet_ai_hackaton/.deps/pico-sdk/src/rp2_common/pico_double/double_init_rom_rp2040.c.o
LOAD CMakeFiles/vlp_pico.dir/home/vivian/aihackathon/systems_meet_ai_hackaton/.deps/pico-sdk/src/rp2_common/pico_double/double_math.c.o
LOAD CMakeFiles/vlp_pico.dir/home/vivian/aihackathon/systems_meet_ai_hackaton/.deps/pico-sdk/src/rp2_common/pico_double/double_v1_rom_shim_rp2040.S.o
LOAD CMakeFiles/vlp_pico.dir/home/vivian/aihackathon/systems_meet_ai_hackaton/.deps/pico-sdk/src/rp2_common/pico_int64_ops/pico_int64_ops_aeabi.S.o
LOAD CMakeFiles/vlp_pico.dir/home/vivian/aihackathon/systems_meet_ai_hackaton/.deps/pico-sdk/src/rp2_common/pico_float/float_aeabi_rp2040.S.o
LOAD CMakeFiles/vlp_pico.dir/home/vivian/aihackathon/systems_meet_ai_hackaton/.deps/pico-sdk/src/rp2_common/pico_float/float_init_rom_rp2040.c.o
LOAD CMakeFiles/vlp_pico.dir/home/vivian/aihackathon/systems_meet_ai_hackaton/.deps/pico-sdk/src/rp2_common/pico_float/float_math.c.o
LOAD CMakeFiles/vlp_pico.dir/home/vivian/aihackathon/systems_meet_ai_hackaton/.deps/pico-sdk/src/rp2_common/pico_float/float_v1_rom_shim_rp2040.S.o
LOAD CMakeFiles/vlp_pico.dir/home/vivian/aihackathon/systems_meet_ai_hackaton/.deps/pico-sdk/src/rp2_common/pico_malloc/malloc.c.o
LOAD CMakeFiles/vlp_pico.dir/home/vivian/aihackathon/systems_meet_ai_hackaton/.deps/pico-sdk/src/rp2_common/pico_mem_ops/mem_ops_aeabi.S.o
LOAD CMakeFiles/vlp_pico.dir/home/vivian/aihackathon/systems_meet_ai_hackaton/.deps/pico-sdk/src/rp2_common/pico_atomic/atomic.c.o
LOAD CMakeFiles/vlp_pico.dir/home/vivian/aihackathon/systems_meet_ai_hackaton/.deps/pico-sdk/src/rp2_common/pico_cxx_options/new_delete.cpp.o
LOAD CMakeFiles/vlp_pico.dir/home/vivian/aihackathon/systems_meet_ai_hackaton/.deps/pico-sdk/src/rp2_common/pico_standard_binary_info/standard_binary_info.c.o
LOAD CMakeFiles/vlp_pico.dir/home/vivian/aihackathon/systems_meet_ai_hackaton/.deps/pico-sdk/src/rp2_common/pico_printf/printf.c.o
LOAD CMakeFiles/vlp_pico.dir/home/vivian/aihackathon/systems_meet_ai_hackaton/.deps/pico-sdk/src/rp2_common/pico_crt0/crt0.S.o
LOAD CMakeFiles/vlp_pico.dir/home/vivian/aihackathon/systems_meet_ai_hackaton/.deps/pico-sdk/src/rp2_common/pico_clib_interface/newlib_interface.c.o
LOAD CMakeFiles/vlp_pico.dir/home/vivian/aihackathon/systems_meet_ai_hackaton/.deps/pico-sdk/src/rp2_common/pico_clib_interface/cxa_guard.c.o
LOAD CMakeFiles/vlp_pico.dir/home/vivian/aihackathon/systems_meet_ai_hackaton/.deps/pico-sdk/src/rp2_common/pico_stdio/stdio.c.o
LOAD CMakeFiles/vlp_pico.dir/home/vivian/aihackathon/systems_meet_ai_hackaton/.deps/pico-sdk/src/rp2_common/pico_stdio_usb/stdio_usb.c.o
LOAD CMakeFiles/vlp_pico.dir/home/vivian/aihackathon/systems_meet_ai_hackaton/.deps/pico-sdk/src/rp2_common/pico_stdio_usb/stdio_usb_descriptors.c.o
LOAD CMakeFiles/vlp_pico.dir/home/vivian/aihackathon/systems_meet_ai_hackaton/.deps/pico-sdk/src/rp2_common/pico_unique_id/unique_id.c.o
LOAD CMakeFiles/vlp_pico.dir/home/vivian/aihackathon/systems_meet_ai_hackaton/.deps/pico-sdk/src/rp2_common/hardware_flash/flash.c.o
LOAD CMakeFiles/vlp_pico.dir/home/vivian/aihackathon/systems_meet_ai_hackaton/.deps/pico-sdk/src/rp2_common/hardware_xip_cache/xip_cache.c.o
LOAD CMakeFiles/vlp_pico.dir/home/vivian/aihackathon/systems_meet_ai_hackaton/.deps/pico-sdk/src/rp2_common/pico_usb_reset/usb_reset.c.o
LOAD CMakeFiles/vlp_pico.dir/home/vivian/aihackathon/systems_meet_ai_hackaton/.deps/pico-sdk/lib/tinyusb/src/portable/raspberrypi/rp2040/dcd_rp2040.c.o
LOAD CMakeFiles/vlp_pico.dir/home/vivian/aihackathon/systems_meet_ai_hackaton/.deps/pico-sdk/lib/tinyusb/src/portable/raspberrypi/rp2040/rp2040_usb.c.o
LOAD CMakeFiles/vlp_pico.dir/home/vivian/aihackathon/systems_meet_ai_hackaton/.deps/pico-sdk/lib/tinyusb/src/device/usbd.c.o
LOAD CMakeFiles/vlp_pico.dir/home/vivian/aihackathon/systems_meet_ai_hackaton/.deps/pico-sdk/lib/tinyusb/src/device/usbd_control.c.o
LOAD CMakeFiles/vlp_pico.dir/home/vivian/aihackathon/systems_meet_ai_hackaton/.deps/pico-sdk/lib/tinyusb/src/class/audio/audio_device.c.o
LOAD CMakeFiles/vlp_pico.dir/home/vivian/aihackathon/systems_meet_ai_hackaton/.deps/pico-sdk/lib/tinyusb/src/class/cdc/cdc_device.c.o
LOAD CMakeFiles/vlp_pico.dir/home/vivian/aihackathon/systems_meet_ai_hackaton/.deps/pico-sdk/lib/tinyusb/src/class/dfu/dfu_device.c.o
LOAD CMakeFiles/vlp_pico.dir/home/vivian/aihackathon/systems_meet_ai_hackaton/.deps/pico-sdk/lib/tinyusb/src/class/dfu/dfu_rt_device.c.o
LOAD CMakeFiles/vlp_pico.dir/home/vivian/aihackathon/systems_meet_ai_hackaton/.deps/pico-sdk/lib/tinyusb/src/class/hid/hid_device.c.o
LOAD CMakeFiles/vlp_pico.dir/home/vivian/aihackathon/systems_meet_ai_hackaton/.deps/pico-sdk/lib/tinyusb/src/class/midi/midi_device.c.o
LOAD CMakeFiles/vlp_pico.dir/home/vivian/aihackathon/systems_meet_ai_hackaton/.deps/pico-sdk/lib/tinyusb/src/class/msc/msc_device.c.o
LOAD CMakeFiles/vlp_pico.dir/home/vivian/aihackathon/systems_meet_ai_hackaton/.deps/pico-sdk/lib/tinyusb/src/class/net/ecm_rndis_device.c.o
LOAD CMakeFiles/vlp_pico.dir/home/vivian/aihackathon/systems_meet_ai_hackaton/.deps/pico-sdk/lib/tinyusb/src/class/net/ncm_device.c.o
LOAD CMakeFiles/vlp_pico.dir/home/vivian/aihackathon/systems_meet_ai_hackaton/.deps/pico-sdk/lib/tinyusb/src/class/usbtmc/usbtmc_device.c.o
LOAD CMakeFiles/vlp_pico.dir/home/vivian/aihackathon/systems_meet_ai_hackaton/.deps/pico-sdk/lib/tinyusb/src/class/vendor/vendor_device.c.o
LOAD CMakeFiles/vlp_pico.dir/home/vivian/aihackathon/systems_meet_ai_hackaton/.deps/pico-sdk/lib/tinyusb/src/class/video/video_device.c.o
LOAD CMakeFiles/vlp_pico.dir/home/vivian/aihackathon/systems_meet_ai_hackaton/.deps/pico-sdk/lib/tinyusb/src/tusb.c.o
LOAD CMakeFiles/vlp_pico.dir/home/vivian/aihackathon/systems_meet_ai_hackaton/.deps/pico-sdk/lib/tinyusb/src/common/tusb_fifo.c.o
LOAD CMakeFiles/vlp_pico.dir/home/vivian/aihackathon/systems_meet_ai_hackaton/.deps/pico-sdk/src/rp2_common/pico_fix/rp2040_usb_device_enumeration/rp2040_usb_device_enumeration.c.o
LOAD CMakeFiles/vlp_pico.dir/home/vivian/aihackathon/systems_meet_ai_hackaton/.deps/pico-sdk/src/rp2_common/pico_thread_local/thread_local.c.o
LOAD CMakeFiles/vlp_pico.dir/home/vivian/aihackathon/systems_meet_ai_hackaton/.deps/pico-sdk/src/rp2_common/pico_multicore/multicore.c.o
LOAD ../../pico-sdk/src/rp2040/boot_stage2/CMakeFiles/bs2_default_library.dir/bs2_default_padded_checksummed.S.o
LOAD ../../libpico-tflmicro.a
LOAD /usr/lib/gcc/arm-none-eabi/14.2.1/../../../arm-none-eabi/lib/thumb/v6-m/nofp/libstdc++.a
LOAD /usr/lib/gcc/arm-none-eabi/14.2.1/../../../arm-none-eabi/lib/thumb/v6-m/nofp/libm.a
START GROUP
LOAD /usr/lib/gcc/arm-none-eabi/14.2.1/thumb/v6-m/nofp/libgcc.a
LOAD /usr/lib/gcc/arm-none-eabi/14.2.1/../../../arm-none-eabi/lib/thumb/v6-m/nofp/libg.a
LOAD /usr/lib/gcc/arm-none-eabi/14.2.1/../../../arm-none-eabi/lib/thumb/v6-m/nofp/libc.a
END GROUP
                0x20000000                        PROVIDE (RAM_ORIGIN = RAM_ORIGIN_DEFAULT)
                0x00040000                        PROVIDE (RAM_LENGTH = RAM_LENGTH_DEFAULT)
                0x20040000                        PROVIDE (SCRATCH_X_ORIGIN = SCRATCH_X_ORIGIN_DEFAULT)
                0x00001000                        PROVIDE (SCRATCH_X_LENGTH = SCRATCH_X_LENGTH_DEFAULT)
                0x20041000                        PROVIDE (SCRATCH_Y_ORIGIN = SCRATCH_Y_ORIGIN_DEFAULT)
                0x00001000                        PROVIDE (SCRATCH_Y_LENGTH = SCRATCH_Y_LENGTH_DEFAULT)
                0x15000000                        PROVIDE (XIP_RAM_ORIGIN = XIP_RAM_ORIGIN_DEFAULT)
                0x00004000                        PROVIDE (XIP_RAM_LENGTH = XIP_RAM_LENGTH_DEFAULT)
                0x20000000                        RAM_ORIGIN = DEFINED (RAM_ORIGIN)?RAM_ORIGIN:RAM_ORIGIN_DEFAULT
                0x00040000                        RAM_LENGTH = DEFINED (RAM_LENGTH)?RAM_LENGTH:RAM_LENGTH_DEFAULT
                0x20040000                        SCRATCH_X_ORIGIN = DEFINED (SCRATCH_X_ORIGIN)?SCRATCH_X_ORIGIN:SCRATCH_X_ORIGIN_DEFAULT
                0x00001000                        SCRATCH_X_LENGTH = DEFINED (SCRATCH_X_LENGTH)?SCRATCH_X_LENGTH:SCRATCH_X_LENGTH_DEFAULT
                0x20041000                        SCRATCH_Y_ORIGIN = DEFINED (SCRATCH_Y_ORIGIN)?SCRATCH_Y_ORIGIN:SCRATCH_Y_ORIGIN_DEFAULT
                0x00001000                        SCRATCH_Y_LENGTH = DEFINED (SCRATCH_Y_LENGTH)?SCRATCH_Y_LENGTH:SCRATCH_Y_LENGTH_DEFAULT
                0x15000000                        XIP_RAM_ORIGIN = DEFINED (XIP_RAM_ORIGIN)?XIP_RAM_ORIGIN:XIP_RAM_ORIGIN_DEFAULT
                0x00004000                        XIP_RAM_LENGTH = DEFINED (XIP_RAM_LENGTH)?XIP_RAM_LENGTH:XIP_RAM_LENGTH_DEFAULT

.flash_begin    0x10000000        0x0
                0x10000000                        __flash_binary_start = .

.boot2          0x10000000      0x100
                0x10000000                        __boot2_start__ = .
 *(.boot2)
 .boot2         0x10000000      0x100 ../../pico-sdk/src/rp2040/boot_stage2/CMakeFiles/bs2_default_library.dir/bs2_default_padded_checksummed.S.o
                0x10000100                        __boot2_end__ = .
                0x00000001                        ASSERT (((__boot2_end__ - __boot2_start__) == 0x100), ERROR: Pico second stage bootloader must be exactly 256 bytes in size for RP2040)

.text           0x10000100    0x13f18
                0x10000100                        __logical_binary_start = .
 *(.vectors)
 .vectors       0x10000100       0xd4 CMakeFiles/vlp_pico.dir/home/vivian/aihackathon/systems_meet_ai_hackaton/.deps/pico-sdk/src/rp2_common/pico_crt0/crt0.S.o
                0x10000100                __vectors
                0x10000100                __VECTOR_TABLE
                0x100001c0                isr_irq30
                0x100001c0                __unhandled_user_irq
                0x100001c0                isr_irq13
                0x100001c0                isr_irq27
                0x100001c0                isr_irq31
                0x100001c0                isr_irq5
                0x100001c0                isr_irq11
                0x100001c0                isr_irq23
                0x100001c0                isr_irq18
                0x100001c0                isr_irq28
                0x100001c0                isr_irq19
                0x100001c0                isr_irq0
                0x100001c0                isr_irq6
                0x100001c0                isr_irq22
                0x100001c0                isr_irq17
                0x100001c0                isr_irq14
                0x100001c0                __vectors_end
                0x100001c0                __default_isrs_start
                0x100001c0                isr_irq2
                0x100001c0                isr_irq10
                0x100001c0                isr_irq8
                0x100001c0                isr_irq24
                0x100001c0                isr_irq1
                0x100001c0                isr_irq7
                0x100001c0                isr_irq21
                0x100001c0                isr_irq20
                0x100001c0                isr_irq15
                0x100001c0                isr_irq25
                0x100001c0                isr_irq4
                0x100001c0                isr_irq16
                0x100001c0                isr_irq29
                0x100001c0                isr_irq26
                0x100001c0                isr_irq3
                0x100001c0                isr_irq12
                0x100001c0                isr_irq9
                0x100001c6                unhandled_user_irq_num_in_r0
                0x100001c8                isr_invalid
                0x100001ca                isr_nmi
                0x100001cc                isr_hardfault
                0x100001ce                isr_svcall
                0x100001d0                isr_pendsv
                0x100001d2                isr_systick
                0x100001d4                __default_isrs_end
 *(.binary_info_header)
 .binary_info_header
                0x100001d4       0x14 CMakeFiles/vlp_pico.dir/home/vivian/aihackathon/systems_meet_ai_hackaton/.deps/pico-sdk/src/rp2_common/pico_crt0/crt0.S.o
                0x100001e8                        __binary_info_header_end = .
 *(.embedded_block)
                0x100001e8                        __embedded_block_end = .
 *(.reset)
 .reset         0x100001e8       0x98 CMakeFiles/vlp_pico.dir/home/vivian/aihackathon/systems_meet_ai_hackaton/.deps/pico-sdk/src/rp2_common/pico_crt0/crt0.S.o
                0x100001e8                _entry_point
 *(.init)
 *libgcc.a:cmse_nonsecure_call.o()
 *(EXCLUDE_FILE(*libm.a: *lib*_a-mem*.o *libc.a: *libgcc.a:) .text*)
 .text._ZN6tflite22MicroMutableOpResolverILj4EED0Ev
                0x10000280        0x4 CMakeFiles/vlp_pico.dir/main.cpp.o
                0x10000280                tflite::MicroMutableOpResolver<4u>::~MicroMutableOpResolver()
                0x10000280                tflite::MicroMutableOpResolver<4u>::~MicroMutableOpResolver()
                0x10000280                tflite::MicroMutableOpResolver<4u>::~MicroMutableOpResolver()
 .text.__tcf_0  0x10000284        0x4 CMakeFiles/vlp_pico.dir/main.cpp.o
 .text._ZNK6tflite22MicroMutableOpResolverILj4EE6FindOpENS_15BuiltinOperatorE
                0x10000288       0x54 CMakeFiles/vlp_pico.dir/main.cpp.o
                0x10000288                tflite::MicroMutableOpResolver<4u>::FindOp(tflite::BuiltinOperator) const
 .text._ZNK6tflite22MicroMutableOpResolverILj4EE15GetOpDataParserENS_15BuiltinOperatorE
                0x100002dc       0x50 CMakeFiles/vlp_pico.dir/main.cpp.o
                0x100002dc                tflite::MicroMutableOpResolver<4u>::GetOpDataParser(tflite::BuiltinOperator) const
 .text.__tcf_1  0x1000032c       0x10 CMakeFiles/vlp_pico.dir/main.cpp.o
 .text._ZNK6tflite22MicroMutableOpResolverILj4EE6FindOpEPKc
                0x1000033c       0x84 CMakeFiles/vlp_pico.dir/main.cpp.o
                0x1000033c                tflite::MicroMutableOpResolver<4u>::FindOp(char const*) const
 .text.startup.main
                0x100003c0      0x724 CMakeFiles/vlp_pico.dir/main.cpp.o
                0x100003c0                main
 .text.rp2040_chip_version
                0x10000ae4        0xc CMakeFiles/vlp_pico.dir/home/vivian/aihackathon/systems_meet_ai_hackaton/.deps/pico-sdk/src/rp2040/pico_platform/platform.c.o
                0x10000ae4                rp2040_chip_version
 .text.panic    0x10000af0       0x30 CMakeFiles/vlp_pico.dir/home/vivian/aihackathon/systems_meet_ai_hackaton/.deps/pico-sdk/src/rp2_common/pico_platform_panic/panic.c.o
                0x10000af0                panic
 .text.hw_claim_or_assert
                0x10000b20       0x44 CMakeFiles/vlp_pico.dir/home/vivian/aihackathon/systems_meet_ai_hackaton/.deps/pico-sdk/src/common/hardware_claim/claim.c.o
                0x10000b20                hw_claim_or_assert
 .text.hw_claim_unused_from_range
                0x10000b64       0x88 CMakeFiles/vlp_pico.dir/home/vivian/aihackathon/systems_meet_ai_hackaton/.deps/pico-sdk/src/common/hardware_claim/claim.c.o
                0x10000b64                hw_claim_unused_from_range
 .text.next_striped_spin_lock_num
                0x10000bec       0x18 CMakeFiles/vlp_pico.dir/home/vivian/aihackathon/systems_meet_ai_hackaton/.deps/pico-sdk/src/rp2_common/hardware_sync/sync.c.o
                0x10000bec                next_striped_spin_lock_num
 .text.spin_lock_claim_unused
                0x10000c04       0x24 CMakeFiles/vlp_pico.dir/home/vivian/aihackathon/systems_meet_ai_hackaton/.deps/pico-sdk/src/rp2_common/hardware_sync/sync.c.o
                0x10000c04                spin_lock_claim_unused
 .text.spin_locks_reset
                0x10000c28       0x1c CMakeFiles/vlp_pico.dir/home/vivian/aihackathon/systems_meet_ai_hackaton/.deps/pico-sdk/src/rp2_common/hardware_sync_spin_lock/sync_spin_lock.c.o
                0x10000c28                spin_locks_reset
 .text.runtime_init_per_core_irq_priorities
                0x10000c44       0x24 CMakeFiles/vlp_pico.dir/home/vivian/aihackathon/systems_meet_ai_hackaton/.deps/pico-sdk/src/rp2_common/hardware_irq/irq.c.o
                0x10000c44                runtime_init_per_core_irq_priorities
 .text.irq_set_enabled
                0x10000c68       0x24 CMakeFiles/vlp_pico.dir/home/vivian/aihackathon/systems_meet_ai_hackaton/.deps/pico-sdk/src/rp2_common/hardware_irq/irq.c.o
                0x10000c68                irq_set_enabled
 .text.irq_is_enabled
                0x10000c8c       0x18 CMakeFiles/vlp_pico.dir/home/vivian/aihackathon/systems_meet_ai_hackaton/.deps/pico-sdk/src/rp2_common/hardware_irq/irq.c.o
                0x10000c8c                irq_is_enabled
 .text.irq_set_pending
                0x10000ca4       0x10 CMakeFiles/vlp_pico.dir/home/vivian/aihackathon/systems_meet_ai_hackaton/.deps/pico-sdk/src/rp2_common/hardware_irq/irq.c.o
                0x10000ca4                irq_set_pending
 .text.irq_has_shared_handler
                0x10000cb4       0x24 CMakeFiles/vlp_pico.dir/home/vivian/aihackathon/systems_meet_ai_hackaton/.deps/pico-sdk/src/rp2_common/hardware_irq/irq.c.o
                0x10000cb4                irq_has_shared_handler
 .text.irq_set_exclusive_handler
                0x10000cd8       0x54 CMakeFiles/vlp_pico.dir/home/vivian/aihackathon/systems_meet_ai_hackaton/.deps/pico-sdk/src/rp2_common/hardware_irq/irq.c.o
                0x10000cd8                irq_set_exclusive_handler
 .text.irq_add_shared_handler
                0x10000d2c      0x1d8 CMakeFiles/vlp_pico.dir/home/vivian/aihackathon/systems_meet_ai_hackaton/.deps/pico-sdk/src/rp2_common/hardware_irq/irq.c.o
                0x10000d2c                irq_add_shared_handler
 .text.irq_add_tail_to_free_list
                0x10000f04       0xcc CMakeFiles/vlp_pico.dir/home/vivian/aihackathon/systems_meet_ai_hackaton/.deps/pico-sdk/src/rp2_common/hardware_irq/irq.c.o
                0x10000f04                irq_add_tail_to_free_list
 .text.user_irq_claim_unused
                0x10000fd0       0x2c CMakeFiles/vlp_pico.dir/home/vivian/aihackathon/systems_meet_ai_hackaton/.deps/pico-sdk/src/rp2_common/hardware_irq/irq.c.o
                0x10000fd0                user_irq_claim_unused
 .text.lock_init
                0x10000ffc       0x10 CMakeFiles/vlp_pico.dir/home/vivian/aihackathon/systems_meet_ai_hackaton/.deps/pico-sdk/src/common/pico_sync/lock_core.c.o
                0x10000ffc                lock_init
 .text.runtime_init_mutex
                0x1000100c       0x50 CMakeFiles/vlp_pico.dir/home/vivian/aihackathon/systems_meet_ai_hackaton/.deps/pico-sdk/src/common/pico_sync/mutex.c.o
                0x1000100c                runtime_init_mutex
 .text.mutex_init
                0x1000105c       0x1c CMakeFiles/vlp_pico.dir/home/vivian/aihackathon/systems_meet_ai_hackaton/.deps/pico-sdk/src/common/pico_sync/mutex.c.o
                0x1000105c                mutex_init
 .text.critical_section_init
                0x10001078       0x1c CMakeFiles/vlp_pico.dir/home/vivian/aihackathon/systems_meet_ai_hackaton/.deps/pico-sdk/src/common/pico_sync/critical_section.c.o
                0x10001078                critical_section_init
 .text.critical_section_init_with_lock_num
                0x10001094       0x14 CMakeFiles/vlp_pico.dir/home/vivian/aihackathon/systems_meet_ai_hackaton/.deps/pico-sdk/src/common/pico_sync/critical_section.c.o
                0x10001094                critical_section_init_with_lock_num
 .text.sleep_until_callback
                0x100010a8       0x30 CMakeFiles/vlp_pico.dir/home/vivian/aihackathon/systems_meet_ai_hackaton/.deps/pico-sdk/src/common/pico_time/time.c.o
 .text.alarm_pool_irq_handler
                0x100010d8      0x300 CMakeFiles/vlp_pico.dir/home/vivian/aihackathon/systems_meet_ai_hackaton/.deps/pico-sdk/src/common/pico_time/time.c.o
 .text.runtime_init_default_alarm_pool
                0x100013d8       0xdc CMakeFiles/vlp_pico.dir/home/vivian/aihackathon/systems_meet_ai_hackaton/.deps/pico-sdk/src/common/pico_time/time.c.o
                0x100013d8                runtime_init_default_alarm_pool
 .text.alarm_pool_get_default
                0x100014b4        0x8 CMakeFiles/vlp_pico.dir/home/vivian/aihackathon/systems_meet_ai_hackaton/.deps/pico-sdk/src/common/pico_time/time.c.o
                0x100014b4                alarm_pool_get_default
 .text.alarm_pool_add_alarm_at
                0x100014bc       0xd0 CMakeFiles/vlp_pico.dir/home/vivian/aihackathon/systems_meet_ai_hackaton/.deps/pico-sdk/src/common/pico_time/time.c.o
                0x100014bc                alarm_pool_add_alarm_at
 .text.alarm_pool_add_alarm_at_force_in_context
                0x1000158c       0xb0 CMakeFiles/vlp_pico.dir/home/vivian/aihackathon/systems_meet_ai_hackaton/.deps/pico-sdk/src/common/pico_time/time.c.o
                0x1000158c                alarm_pool_add_alarm_at_force_in_context
 .text.alarm_pool_cancel_alarm
                0x1000163c       0x74 CMakeFiles/vlp_pico.dir/home/vivian/aihackathon/systems_meet_ai_hackaton/.deps/pico-sdk/src/common/pico_time/time.c.o
                0x1000163c                alarm_pool_cancel_alarm
 .text.alarm_pool_core_num
                0x100016b0        0x4 CMakeFiles/vlp_pico.dir/home/vivian/aihackathon/systems_meet_ai_hackaton/.deps/pico-sdk/src/common/pico_time/time.c.o
                0x100016b0                alarm_pool_core_num
 .text.best_effort_wfe_or_timeout
                0x100016b4      0x13c CMakeFiles/vlp_pico.dir/home/vivian/aihackathon/systems_meet_ai_hackaton/.deps/pico-sdk/src/common/pico_time/time.c.o
                0x100016b4                best_effort_wfe_or_timeout
 .text.timer_hardware_alarm_claim
                0x100017f0       0x14 CMakeFiles/vlp_pico.dir/home/vivian/aihackathon/systems_meet_ai_hackaton/.deps/pico-sdk/src/rp2_common/hardware_timer/timer.c.o
                0x100017f0                timer_hardware_alarm_claim
 .text.timer_time_us_64
                0x10001804       0x10 CMakeFiles/vlp_pico.dir/home/vivian/aihackathon/systems_meet_ai_hackaton/.deps/pico-sdk/src/rp2_common/hardware_timer/timer.c.o
                0x10001804                timer_time_us_64
 .text.time_us_64
                0x10001814       0x14 CMakeFiles/vlp_pico.dir/home/vivian/aihackathon/systems_meet_ai_hackaton/.deps/pico-sdk/src/rp2_common/hardware_timer/timer.c.o
                0x10001814                time_us_64
 .text.busy_wait_us
                0x10001828       0x68 CMakeFiles/vlp_pico.dir/home/vivian/aihackathon/systems_meet_ai_hackaton/.deps/pico-sdk/src/rp2_common/hardware_timer/timer.c.o
                0x10001828                busy_wait_us
 .text.clock_configure_int_divider
                0x10001890       0xf4 CMakeFiles/vlp_pico.dir/home/vivian/aihackathon/systems_meet_ai_hackaton/.deps/pico-sdk/src/rp2_common/hardware_clocks/clocks.c.o
                0x10001890                clock_configure_int_divider
 .text.clock_configure_undivided
                0x10001984       0xe8 CMakeFiles/vlp_pico.dir/home/vivian/aihackathon/systems_meet_ai_hackaton/.deps/pico-sdk/src/rp2_common/hardware_clocks/clocks.c.o
                0x10001984                clock_configure_undivided
 .text.clock_get_hz
                0x10001a6c        0xc CMakeFiles/vlp_pico.dir/home/vivian/aihackathon/systems_meet_ai_hackaton/.deps/pico-sdk/src/rp2_common/hardware_clocks/clocks.c.o
                0x10001a6c                clock_get_hz
 .text.pll_init
                0x10001a78       0xa4 CMakeFiles/vlp_pico.dir/home/vivian/aihackathon/systems_meet_ai_hackaton/.deps/pico-sdk/src/rp2_common/hardware_pll/pll.c.o
                0x10001a78                pll_init
 .text.watchdog_reboot
                0x10001b1c       0x9c CMakeFiles/vlp_pico.dir/home/vivian/aihackathon/systems_meet_ai_hackaton/.deps/pico-sdk/src/rp2_common/hardware_watchdog/watchdog.c.o
                0x10001b1c                watchdog_reboot
 .text.tick_start
                0x10001bb8       0x10 CMakeFiles/vlp_pico.dir/home/vivian/aihackathon/systems_meet_ai_hackaton/.deps/pico-sdk/src/rp2_common/hardware_ticks/ticks.c.o
                0x10001bb8                tick_start
 .text.rom_func_lookup
                0x10001bc8       0x10 CMakeFiles/vlp_pico.dir/home/vivian/aihackathon/systems_meet_ai_hackaton/.deps/pico-sdk/src/rp2_common/pico_bootrom/bootrom.c.o
                0x10001bc8                rom_func_lookup
 .text.rom_data_lookup
                0x10001bd8       0x10 CMakeFiles/vlp_pico.dir/home/vivian/aihackathon/systems_meet_ai_hackaton/.deps/pico-sdk/src/rp2_common/pico_bootrom/bootrom.c.o
                0x10001bd8                rom_data_lookup
 .text.rom_funcs_lookup
                0x10001be8       0x44 CMakeFiles/vlp_pico.dir/home/vivian/aihackathon/systems_meet_ai_hackaton/.deps/pico-sdk/src/rp2_common/pico_bootrom/bootrom.c.o
                0x10001be8                rom_funcs_lookup
 .text.rom_reset_usb_boot_extra
                0x10001c2c       0x24 CMakeFiles/vlp_pico.dir/home/vivian/aihackathon/systems_meet_ai_hackaton/.deps/pico-sdk/src/rp2_common/pico_bootrom/bootrom.c.o
                0x10001c2c                rom_reset_usb_boot_extra
 .text.xosc_init
                0x10001c50       0x28 CMakeFiles/vlp_pico.dir/home/vivian/aihackathon/systems_meet_ai_hackaton/.deps/pico-sdk/src/rp2_common/hardware_xosc/xosc.c.o
                0x10001c50                xosc_init
 .text.first_per_core_initializer
                0x10001c78        0x4 CMakeFiles/vlp_pico.dir/home/vivian/aihackathon/systems_meet_ai_hackaton/.deps/pico-sdk/src/rp2_common/pico_runtime/runtime.c.o
 .text.hard_assertion_failure
                0x10001c7c        0xc CMakeFiles/vlp_pico.dir/home/vivian/aihackathon/systems_meet_ai_hackaton/.deps/pico-sdk/src/rp2_common/pico_runtime/runtime.c.o
                0x10001c7c                hard_assertion_failure
 .text.runtime_run_initializers
                0x10001c88       0x28 CMakeFiles/vlp_pico.dir/home/vivian/aihackathon/systems_meet_ai_hackaton/.deps/pico-sdk/src/rp2_common/pico_runtime/runtime.c.o
                0x10001c88                runtime_run_initializers
 .text.runtime_run_per_core_initializers
                0x10001cb0       0x28 CMakeFiles/vlp_pico.dir/home/vivian/aihackathon/systems_meet_ai_hackaton/.deps/pico-sdk/src/rp2_common/pico_runtime/runtime.c.o
                0x10001cb0                runtime_run_per_core_initializers
 .text.runtime_init_early_resets
                0x10001cd8       0x2c CMakeFiles/vlp_pico.dir/home/vivian/aihackathon/systems_meet_ai_hackaton/.deps/pico-sdk/src/rp2_common/pico_runtime_init/runtime_init.c.o
                0x10001cd8                runtime_init_early_resets
 .text.runtime_init_usb_power_down
                0x10001d04       0x1c CMakeFiles/vlp_pico.dir/home/vivian/aihackathon/systems_meet_ai_hackaton/.deps/pico-sdk/src/rp2_common/pico_runtime_init/runtime_init.c.o
                0x10001d04                runtime_init_usb_power_down
 .text.runtime_init_post_clock_resets
                0x10001d20       0x20 CMakeFiles/vlp_pico.dir/home/vivian/aihackathon/systems_meet_ai_hackaton/.deps/pico-sdk/src/rp2_common/pico_runtime_init/runtime_init.c.o
                0x10001d20                runtime_init_post_clock_resets
 .text.runtime_init_rp2040_gpio_ie_disable
                0x10001d40       0x14 CMakeFiles/vlp_pico.dir/home/vivian/aihackathon/systems_meet_ai_hackaton/.deps/pico-sdk/src/rp2_common/pico_runtime_init/runtime_init.c.o
                0x10001d40                runtime_init_rp2040_gpio_ie_disable
 .text.runtime_init_spin_locks_reset
                0x10001d54        0x8 CMakeFiles/vlp_pico.dir/home/vivian/aihackathon/systems_meet_ai_hackaton/.deps/pico-sdk/src/rp2_common/pico_runtime_init/runtime_init.c.o
                0x10001d54                runtime_init_spin_locks_reset
 .text.runtime_init_install_ram_vector_table
                0x10001d5c       0xb4 CMakeFiles/vlp_pico.dir/home/vivian/aihackathon/systems_meet_ai_hackaton/.deps/pico-sdk/src/rp2_common/pico_runtime_init/runtime_init.c.o
                0x10001d5c                runtime_init_install_ram_vector_table
 .text.runtime_init_clocks
                0x10001e10       0xd8 CMakeFiles/vlp_pico.dir/home/vivian/aihackathon/systems_meet_ai_hackaton/.deps/pico-sdk/src/rp2_common/pico_runtime_init/runtime_init_clocks.c.o
                0x10001e10                runtime_init_clocks
 .text          0x10001ee8       0x10 CMakeFiles/vlp_pico.dir/home/vivian/aihackathon/systems_meet_ai_hackaton/.deps/pico-sdk/src/rp2_common/pico_bit_ops/bit_ops_aeabi.S.o
 .text.__wrap___aeabi_idiv
                0x10001ef8       0x50 CMakeFiles/vlp_pico.dir/home/vivian/aihackathon/systems_meet_ai_hackaton/.deps/pico-sdk/src/rp2_common/pico_divider/divider_hardware.S.o
                0x10001ef8                __wrap___aeabi_idivmod
                0x10001ef8                divmod_s32s32
                0x10001ef8                div_s32s32
                0x10001ef8                __wrap___aeabi_idiv
                0x10001f2c                divmod_s32s32_savestate
 .text.__wrap___aeabi_uidiv
                0x10001f48       0x4c CMakeFiles/vlp_pico.dir/home/vivian/aihackathon/systems_meet_ai_hackaton/.deps/pico-sdk/src/rp2_common/pico_divider/divider_hardware.S.o
                0x10001f48                __wrap___aeabi_uidiv
                0x10001f48                __wrap___aeabi_uidivmod
                0x10001f48                div_u32u32
                0x10001f48                divmod_u32u32
                0x10001f78                divmod_u32u32_savestate
 .text.__wrap___aeabi_ldiv
                0x10001f94      0x424 CMakeFiles/vlp_pico.dir/home/vivian/aihackathon/systems_meet_ai_hackaton/.deps/pico-sdk/src/rp2_common/pico_divider/divider_hardware.S.o
                0x10001f94                div_s64s64
                0x10001f94                divmod_s64s64
                0x10001f94                __wrap___aeabi_ldivmod
                0x10001fc4                div_u64u64
                0x10001fc4                divmod_u64u64
                0x10001fc4                __wrap___aeabi_uldivmod
                0x10001fd4                divmod_u64u64_savestate
                0x10001ff4                divmod_s64s64_unsafe
                0x1000207c                divmod_u64u64_unsafe
 .text.__wrap___aeabi_darithmetic
                0x100023b8       0x80 CMakeFiles/vlp_pico.dir/home/vivian/aihackathon/systems_meet_ai_hackaton/.deps/pico-sdk/src/rp2_common/pico_double/double_aeabi_rp2040.S.o
                0x100023b8                __wrap___aeabi_drsub
                0x100023be                __wrap___aeabi_dsub
                0x100023d0                __wrap___aeabi_dadd
                0x100023e2                __wrap___aeabi_ddiv
                0x1000241e                __wrap___aeabi_dmul
 .text.__wrap___aeabi_cdcmple
                0x10002438       0x6c CMakeFiles/vlp_pico.dir/home/vivian/aihackathon/systems_meet_ai_hackaton/.deps/pico-sdk/src/rp2_common/pico_double/double_aeabi_rp2040.S.o
                0x10002438                __wrap___aeabi_cdrcmple
                0x10002448                __wrap___aeabi_cdcmple
                0x10002448                __wrap___aeabi_cdcmpeq
 .text.__wrap___aeabi_dcmpeq
                0x100024a4       0x10 CMakeFiles/vlp_pico.dir/home/vivian/aihackathon/systems_meet_ai_hackaton/.deps/pico-sdk/src/rp2_common/pico_double/double_aeabi_rp2040.S.o
                0x100024a4                __wrap___aeabi_dcmpeq
 .text.__wrap___aeabi_dcmplt
                0x100024b4        0xc CMakeFiles/vlp_pico.dir/home/vivian/aihackathon/systems_meet_ai_hackaton/.deps/pico-sdk/src/rp2_common/pico_double/double_aeabi_rp2040.S.o
                0x100024b4                __wrap___aeabi_dcmplt
 .text.__wrap___aeabi_dcmple
                0x100024c0       0x10 CMakeFiles/vlp_pico.dir/home/vivian/aihackathon/systems_meet_ai_hackaton/.deps/pico-sdk/src/rp2_common/pico_double/double_aeabi_rp2040.S.o
                0x100024c0                __wrap___aeabi_dcmple
 .text.__wrap___aeabi_dcmpgt
                0x100024d0        0xa CMakeFiles/vlp_pico.dir/home/vivian/aihackathon/systems_meet_ai_hackaton/.deps/pico-sdk/src/rp2_common/pico_double/double_aeabi_rp2040.S.o
                0x100024d0                __wrap___aeabi_dcmpgt
 .text.__wrap___aeabi_dcmpun
                0x100024da       0x18 CMakeFiles/vlp_pico.dir/home/vivian/aihackathon/systems_meet_ai_hackaton/.deps/pico-sdk/src/rp2_common/pico_double/double_aeabi_rp2040.S.o
                0x100024da                __wrap___aeabi_dcmpun
 *fill*         0x100024f2        0x2 
 .text.__wrap___aeabi_i2d
                0x100024f4       0x38 CMakeFiles/vlp_pico.dir/home/vivian/aihackathon/systems_meet_ai_hackaton/.deps/pico-sdk/src/rp2_common/pico_double/double_aeabi_rp2040.S.o
                0x100024f4                __wrap___aeabi_ui2d
                0x100024f4                uint2double
                0x100024fc                __wrap___aeabi_i2d
                0x100024fc                int2double
 .text.__wrap___aeabi_d2iz
                0x1000252c       0x48 CMakeFiles/vlp_pico.dir/home/vivian/aihackathon/systems_meet_ai_hackaton/.deps/pico-sdk/src/rp2_common/pico_double/double_aeabi_rp2040.S.o
                0x1000252c                __wrap___aeabi_d2iz
                0x1000252c                double2int_z
 .text.__wrap___aeabi_l2d
                0x10002574       0x18 CMakeFiles/vlp_pico.dir/home/vivian/aihackathon/systems_meet_ai_hackaton/.deps/pico-sdk/src/rp2_common/pico_double/double_aeabi_rp2040.S.o
                0x10002574                __wrap___aeabi_l2d
                0x10002574                int642double
 .text.__wrap___aeabi_d2lz
                0x1000258c       0x26 CMakeFiles/vlp_pico.dir/home/vivian/aihackathon/systems_meet_ai_hackaton/.deps/pico-sdk/src/rp2_common/pico_double/double_aeabi_rp2040.S.o
                0x1000258c                __wrap___aeabi_d2lz
                0x1000258c                double2int64_z
 *fill*         0x100025b2        0x2 
 .text.double2int64
                0x100025b4       0x18 CMakeFiles/vlp_pico.dir/home/vivian/aihackathon/systems_meet_ai_hackaton/.deps/pico-sdk/src/rp2_common/pico_double/double_aeabi_rp2040.S.o
                0x100025b4                double2int64
 .text.double2ufix64
                0x100025cc       0x18 CMakeFiles/vlp_pico.dir/home/vivian/aihackathon/systems_meet_ai_hackaton/.deps/pico-sdk/src/rp2_common/pico_double/double_aeabi_rp2040.S.o
                0x100025cc                double2ufix64
                0x100025cc                double2ufix64_z
 .text.__wrap___aeabi_d2f
                0x100025e4       0x18 CMakeFiles/vlp_pico.dir/home/vivian/aihackathon/systems_meet_ai_hackaton/.deps/pico-sdk/src/rp2_common/pico_double/double_aeabi_rp2040.S.o
                0x100025e4                __wrap___aeabi_d2f
 .text.__aeabi_double_init
                0x100025fc       0xa4 CMakeFiles/vlp_pico.dir/home/vivian/aihackathon/systems_meet_ai_hackaton/.deps/pico-sdk/src/rp2_common/pico_double/double_init_rom_rp2040.c.o
                0x100025fc                __aeabi_double_init
 .text.__wrap_round
                0x100026a0       0x9c CMakeFiles/vlp_pico.dir/home/vivian/aihackathon/systems_meet_ai_hackaton/.deps/pico-sdk/src/rp2_common/pico_double/double_math.c.o
                0x100026a0                __wrap_round
 .text.__wrap_floor
                0x1000273c       0xb4 CMakeFiles/vlp_pico.dir/home/vivian/aihackathon/systems_meet_ai_hackaton/.deps/pico-sdk/src/rp2_common/pico_double/double_math.c.o
                0x1000273c                __wrap_floor
 .text.double_table_shim_on_use_helper
                0x100027f0       0x2c CMakeFiles/vlp_pico.dir/home/vivian/aihackathon/systems_meet_ai_hackaton/.deps/pico-sdk/src/rp2_common/pico_double/double_v1_rom_shim_rp2040.S.o
                0x100027f0                double_table_shim_on_use_helper
 .text.__wrap___aeabi_dsub
                0x1000281c       0x10 CMakeFiles/vlp_pico.dir/home/vivian/aihackathon/systems_meet_ai_hackaton/.deps/pico-sdk/src/rp2_common/pico_double/double_v1_rom_shim_rp2040.S.o
                0x1000281c                drsub_shim
                0x10002822                dsub_shim
 .text.dadd_shim
                0x1000282c      0x15c CMakeFiles/vlp_pico.dir/home/vivian/aihackathon/systems_meet_ai_hackaton/.deps/pico-sdk/src/rp2_common/pico_double/double_v1_rom_shim_rp2040.S.o
                0x1000282c                dadd_shim
 .text.dmul_shim
                0x10002988      0x15c CMakeFiles/vlp_pico.dir/home/vivian/aihackathon/systems_meet_ai_hackaton/.deps/pico-sdk/src/rp2_common/pico_double/double_v1_rom_shim_rp2040.S.o
                0x10002988                dmul_shim
 .text.ddiv_shim
                0x10002ae4      0x1b0 CMakeFiles/vlp_pico.dir/home/vivian/aihackathon/systems_meet_ai_hackaton/.deps/pico-sdk/src/rp2_common/pico_double/double_v1_rom_shim_rp2040.S.o
                0x10002ae4                ddiv_shim
 .text.double2int64_shim
                0x10002c94       0x1a CMakeFiles/vlp_pico.dir/home/vivian/aihackathon/systems_meet_ai_hackaton/.deps/pico-sdk/src/rp2_common/pico_double/double_v1_rom_shim_rp2040.S.o
                0x10002c94                double2int64_shim
                0x10002c96                double2fix64_shim
 *fill*         0x10002cae        0x2 
 .text.double2uint64_shim
                0x10002cb0       0x70 CMakeFiles/vlp_pico.dir/home/vivian/aihackathon/systems_meet_ai_hackaton/.deps/pico-sdk/src/rp2_common/pico_double/double_v1_rom_shim_rp2040.S.o
                0x10002cb0                double2uint64_shim
                0x10002cb2                double2ufix64_shim
                0x10002cd2                d2fix_a
 .text.double2float_shim
                0x10002d20       0x5c CMakeFiles/vlp_pico.dir/home/vivian/aihackathon/systems_meet_ai_hackaton/.deps/pico-sdk/src/rp2_common/pico_double/double_v1_rom_shim_rp2040.S.o
                0x10002d20                double2float_shim
 .text.x2double_shims
                0x10002d7c       0x90 CMakeFiles/vlp_pico.dir/home/vivian/aihackathon/systems_meet_ai_hackaton/.deps/pico-sdk/src/rp2_common/pico_double/double_v1_rom_shim_rp2040.S.o
                0x10002d7c                uint2double_shim
                0x10002d7e                ufix2double_shim
                0x10002d84                int2double_shim
                0x10002d86                fix2double_shim
                0x10002d8c                uint642double_shim
                0x10002d8e                ufix642double_shim
                0x10002d94                int642double_shim
                0x10002d96                fix642double_shim
 .text.dunpacks
                0x10002e0c       0x3c CMakeFiles/vlp_pico.dir/home/vivian/aihackathon/systems_meet_ai_hackaton/.deps/pico-sdk/src/rp2_common/pico_double/double_v1_rom_shim_rp2040.S.o
                0x10002e0c                dunpacks
 .text.__aeabi_lmul
                0x10002e48       0x32 CMakeFiles/vlp_pico.dir/home/vivian/aihackathon/systems_meet_ai_hackaton/.deps/pico-sdk/src/rp2_common/pico_int64_ops/pico_int64_ops_aeabi.S.o
                0x10002e48                __wrap___aeabi_lmul
 *fill*         0x10002e7a        0x2 
 .text.__wrap___aeabi_farithmetic
                0x10002e7c       0x48 CMakeFiles/vlp_pico.dir/home/vivian/aihackathon/systems_meet_ai_hackaton/.deps/pico-sdk/src/rp2_common/pico_float/float_aeabi_rp2040.S.o
                0x10002e7c                __wrap___aeabi_frsub
                0x10002e82                __wrap___aeabi_fsub
                0x10002e88                __wrap___aeabi_fadd
                0x10002e8e                __wrap___aeabi_fdiv
                0x10002eb6                __wrap___aeabi_fmul
 .text.__wrap___aeabi_cfcmple
                0x10002ec4       0x50 CMakeFiles/vlp_pico.dir/home/vivian/aihackathon/systems_meet_ai_hackaton/.deps/pico-sdk/src/rp2_common/pico_float/float_aeabi_rp2040.S.o
                0x10002ec4                __wrap___aeabi_cfrcmple
                0x10002ed0                __wrap___aeabi_cfcmpeq
                0x10002ed0                __wrap___aeabi_cfcmple
 .text.__wrap___aeabi_fcmplt
                0x10002f14        0xc CMakeFiles/vlp_pico.dir/home/vivian/aihackathon/systems_meet_ai_hackaton/.deps/pico-sdk/src/rp2_common/pico_float/float_aeabi_rp2040.S.o
                0x10002f14                __wrap___aeabi_fcmplt
 .text.__wrap___aeabi_fcmple
                0x10002f20       0x10 CMakeFiles/vlp_pico.dir/home/vivian/aihackathon/systems_meet_ai_hackaton/.deps/pico-sdk/src/rp2_common/pico_float/float_aeabi_rp2040.S.o
                0x10002f20                __wrap___aeabi_fcmple
 .text.__wrap___aeabi_fcmpge
                0x10002f30       0x10 CMakeFiles/vlp_pico.dir/home/vivian/aihackathon/systems_meet_ai_hackaton/.deps/pico-sdk/src/rp2_common/pico_float/float_aeabi_rp2040.S.o
                0x10002f30                __wrap___aeabi_fcmpge
 .text.__wrap___aeabi_fcmpgt
                0x10002f40        0xa CMakeFiles/vlp_pico.dir/home/vivian/aihackathon/systems_meet_ai_hackaton/.deps/pico-sdk/src/rp2_common/pico_float/float_aeabi_rp2040.S.o
                0x10002f40                __wrap___aeabi_fcmpgt
 *fill*         0x10002f4a        0x2 
 .text.__wrap___aeabi_i2f
                0x10002f4c       0x44 CMakeFiles/vlp_pico.dir/home/vivian/aihackathon/systems_meet_ai_hackaton/.deps/pico-sdk/src/rp2_common/pico_float/float_aeabi_rp2040.S.o
                0x10002f4c                int2float
                0x10002f4c                __wrap___aeabi_i2f
 .text.__wrap___aeabi_f2iz
                0x10002f90       0x4e CMakeFiles/vlp_pico.dir/home/vivian/aihackathon/systems_meet_ai_hackaton/.deps/pico-sdk/src/rp2_common/pico_float/float_aeabi_rp2040.S.o
                0x10002f90                __wrap___aeabi_f2iz
                0x10002f90                float2int_z
 *fill*         0x10002fde        0x2 
 .text.float2int
                0x10002fe0       0x14 CMakeFiles/vlp_pico.dir/home/vivian/aihackathon/systems_meet_ai_hackaton/.deps/pico-sdk/src/rp2_common/pico_float/float_aeabi_rp2040.S.o
                0x10002fe0                float2int
 .text.__wrap___aeabi_f2uiz
                0x10002ff4        0xc CMakeFiles/vlp_pico.dir/home/vivian/aihackathon/systems_meet_ai_hackaton/.deps/pico-sdk/src/rp2_common/pico_float/float_aeabi_rp2040.S.o
                0x10002ff4                float2uint
                0x10002ff4                float2uint_z
                0x10002ff4                __wrap___aeabi_f2uiz
 .text.__wrap___aeabi_f2d
                0x10003000       0x14 CMakeFiles/vlp_pico.dir/home/vivian/aihackathon/systems_meet_ai_hackaton/.deps/pico-sdk/src/rp2_common/pico_float/float_aeabi_rp2040.S.o
                0x10003000                __wrap___aeabi_f2d
 .text.__wrap_expf
                0x10003014        0xc CMakeFiles/vlp_pico.dir/home/vivian/aihackathon/systems_meet_ai_hackaton/.deps/pico-sdk/src/rp2_common/pico_float/float_aeabi_rp2040.S.o
                0x10003014                __wrap_expf
 .text.__wrap_logf
                0x10003020        0xc CMakeFiles/vlp_pico.dir/home/vivian/aihackathon/systems_meet_ai_hackaton/.deps/pico-sdk/src/rp2_common/pico_float/float_aeabi_rp2040.S.o
                0x10003020                __wrap_logf
 .text.__aeabi_float_init
                0x1000302c       0x64 CMakeFiles/vlp_pico.dir/home/vivian/aihackathon/systems_meet_ai_hackaton/.deps/pico-sdk/src/rp2_common/pico_float/float_init_rom_rp2040.c.o
                0x1000302c                __aeabi_float_init
 .text.__wrap_roundf
                0x10003090       0x38 CMakeFiles/vlp_pico.dir/home/vivian/aihackathon/systems_meet_ai_hackaton/.deps/pico-sdk/src/rp2_common/pico_float/float_math.c.o
                0x10003090                __wrap_roundf
 .text.__wrap_tanhf
                0x100030c8       0x4c CMakeFiles/vlp_pico.dir/home/vivian/aihackathon/systems_meet_ai_hackaton/.deps/pico-sdk/src/rp2_common/pico_float/float_math.c.o
                0x100030c8                __wrap_tanhf
 .text.float_table_shim_on_use_helper
                0x10003114       0x2c CMakeFiles/vlp_pico.dir/home/vivian/aihackathon/systems_meet_ai_hackaton/.deps/pico-sdk/src/rp2_common/pico_float/float_v1_rom_shim_rp2040.S.o
                0x10003114                float_table_shim_on_use_helper
 .text.float232_shims
                0x10003140       0x18 CMakeFiles/vlp_pico.dir/home/vivian/aihackathon/systems_meet_ai_hackaton/.deps/pico-sdk/src/rp2_common/pico_float/float_v1_rom_shim_rp2040.S.o
                0x10003140                float2int_shim
                0x10003142                float2fix_shim
 .text.float2double_shim
                0x10003158       0x30 CMakeFiles/vlp_pico.dir/home/vivian/aihackathon/systems_meet_ai_hackaton/.deps/pico-sdk/src/rp2_common/pico_float/float_v1_rom_shim_rp2040.S.o
                0x10003158                float2double_shim
 .text          0x10003188       0x10 CMakeFiles/vlp_pico.dir/home/vivian/aihackathon/systems_meet_ai_hackaton/.deps/pico-sdk/src/rp2_common/pico_mem_ops/mem_ops_aeabi.S.o
                0x10003188                __aeabi_mem_init
 .text.memset   0x10003198        0xc CMakeFiles/vlp_pico.dir/home/vivian/aihackathon/systems_meet_ai_hackaton/.deps/pico-sdk/src/rp2_common/pico_mem_ops/mem_ops_aeabi.S.o
                0x10003198                __wrap_memset
 .text.memcpy   0x100031a4        0xc CMakeFiles/vlp_pico.dir/home/vivian/aihackathon/systems_meet_ai_hackaton/.deps/pico-sdk/src/rp2_common/pico_mem_ops/mem_ops_aeabi.S.o
                0x100031a4                __wrap___aeabi_memcpy
                0x100031a4                __wrap_memcpy
 .text._out_char
                0x100031b0       0x10 CMakeFiles/vlp_pico.dir/home/vivian/aihackathon/systems_meet_ai_hackaton/.deps/pico-sdk/src/rp2_common/pico_printf/printf.c.o
 .text.weak_raw_printf
                0x100031c0       0x40 CMakeFiles/vlp_pico.dir/home/vivian/aihackathon/systems_meet_ai_hackaton/.deps/pico-sdk/src/rp2_common/pico_printf/printf.c.o
                0x100031c0                weak_raw_printf
 .text.weak_raw_vprintf
                0x10003200       0x30 CMakeFiles/vlp_pico.dir/home/vivian/aihackathon/systems_meet_ai_hackaton/.deps/pico-sdk/src/rp2_common/pico_printf/printf.c.o
                0x10003200                weak_raw_vprintf
 .text._exit    0x10003230        0x4 CMakeFiles/vlp_pico.dir/home/vivian/aihackathon/systems_meet_ai_hackaton/.deps/pico-sdk/src/rp2_common/pico_clib_interface/newlib_interface.c.o
                0x10003230                _exit
 .text._fini    0x10003234        0x4 CMakeFiles/vlp_pico.dir/home/vivian/aihackathon/systems_meet_ai_hackaton/.deps/pico-sdk/src/rp2_common/pico_clib_interface/newlib_interface.c.o
                0x10003234                _fini
 .text._sbrk    0x10003238       0x34 CMakeFiles/vlp_pico.dir/home/vivian/aihackathon/systems_meet_ai_hackaton/.deps/pico-sdk/src/rp2_common/pico_clib_interface/newlib_interface.c.o
                0x10003238                _sbrk
 .text._getpid  0x1000326c        0x4 CMakeFiles/vlp_pico.dir/home/vivian/aihackathon/systems_meet_ai_hackaton/.deps/pico-sdk/src/rp2_common/pico_clib_interface/newlib_interface.c.o
                0x1000326c                _getpid
 .text._kill    0x10003270        0x8 CMakeFiles/vlp_pico.dir/home/vivian/aihackathon/systems_meet_ai_hackaton/.deps/pico-sdk/src/rp2_common/pico_clib_interface/newlib_interface.c.o
                0x10003270                _kill
 .text._read    0x10003278       0x24 CMakeFiles/vlp_pico.dir/home/vivian/aihackathon/systems_meet_ai_hackaton/.deps/pico-sdk/src/rp2_common/pico_clib_interface/newlib_interface.c.o
                0x10003278                _read
 .text._write   0x1000329c       0x24 CMakeFiles/vlp_pico.dir/home/vivian/aihackathon/systems_meet_ai_hackaton/.deps/pico-sdk/src/rp2_common/pico_clib_interface/newlib_interface.c.o
                0x1000329c                _write
 .text._close   0x100032c0        0x8 CMakeFiles/vlp_pico.dir/home/vivian/aihackathon/systems_meet_ai_hackaton/.deps/pico-sdk/src/rp2_common/pico_clib_interface/newlib_interface.c.o
                0x100032c0                _close
 .text._lseek   0x100032c8        0x8 CMakeFiles/vlp_pico.dir/home/vivian/aihackathon/systems_meet_ai_hackaton/.deps/pico-sdk/src/rp2_common/pico_clib_interface/newlib_interface.c.o
                0x100032c8                _lseek
 .text._fstat   0x100032d0        0x8 CMakeFiles/vlp_pico.dir/home/vivian/aihackathon/systems_meet_ai_hackaton/.deps/pico-sdk/src/rp2_common/pico_clib_interface/newlib_interface.c.o
                0x100032d0                _fstat
 .text._isatty  0x100032d8        0xc CMakeFiles/vlp_pico.dir/home/vivian/aihackathon/systems_meet_ai_hackaton/.deps/pico-sdk/src/rp2_common/pico_clib_interface/newlib_interface.c.o
                0x100032d8                _isatty
 .text.exit     0x100032e4        0x8 CMakeFiles/vlp_pico.dir/home/vivian/aihackathon/systems_meet_ai_hackaton/.deps/pico-sdk/src/rp2_common/pico_clib_interface/newlib_interface.c.o
                0x100032e4                exit
 .text.__assert_func
                0x100032ec       0x38 CMakeFiles/vlp_pico.dir/home/vivian/aihackathon/systems_meet_ai_hackaton/.deps/pico-sdk/src/rp2_common/pico_clib_interface/newlib_interface.c.o
                0x100032ec                __assert_func
 .text.runtime_init
                0x10003324       0x2c CMakeFiles/vlp_pico.dir/home/vivian/aihackathon/systems_meet_ai_hackaton/.deps/pico-sdk/src/rp2_common/pico_clib_interface/newlib_interface.c.o
                0x10003324                runtime_init
 .text.stdio_out_chars_no_crlf
                0x10003350       0x10 CMakeFiles/vlp_pico.dir/home/vivian/aihackathon/systems_meet_ai_hackaton/.deps/pico-sdk/src/rp2_common/pico_stdio/stdio.c.o
 .text.stdio_out_chars_crlf
                0x10003360       0xb0 CMakeFiles/vlp_pico.dir/home/vivian/aihackathon/systems_meet_ai_hackaton/.deps/pico-sdk/src/rp2_common/pico_stdio/stdio.c.o
 .text.stdio_put_string
                0x10003410       0xfc CMakeFiles/vlp_pico.dir/home/vivian/aihackathon/systems_meet_ai_hackaton/.deps/pico-sdk/src/rp2_common/pico_stdio/stdio.c.o
                0x10003410                stdio_put_string
 .text.stdio_get_until
                0x1000350c       0x84 CMakeFiles/vlp_pico.dir/home/vivian/aihackathon/systems_meet_ai_hackaton/.deps/pico-sdk/src/rp2_common/pico_stdio/stdio.c.o
                0x1000350c                stdio_get_until
 .text.stdio_putchar_raw
                0x10003590       0x94 CMakeFiles/vlp_pico.dir/home/vivian/aihackathon/systems_meet_ai_hackaton/.deps/pico-sdk/src/rp2_common/pico_stdio/stdio.c.o
                0x10003590                stdio_putchar_raw
 .text.stdio_set_driver_enabled
                0x10003624       0x30 CMakeFiles/vlp_pico.dir/home/vivian/aihackathon/systems_meet_ai_hackaton/.deps/pico-sdk/src/rp2_common/pico_stdio/stdio.c.o
                0x10003624                stdio_set_driver_enabled
 .text.stdio_flush
                0x10003654       0x28 CMakeFiles/vlp_pico.dir/home/vivian/aihackathon/systems_meet_ai_hackaton/.deps/pico-sdk/src/rp2_common/pico_stdio/stdio.c.o
                0x10003654                stdio_flush
 .text.stdio_init_all
                0x1000367c        0x8 CMakeFiles/vlp_pico.dir/home/vivian/aihackathon/systems_meet_ai_hackaton/.deps/pico-sdk/src/rp2_common/pico_stdio/stdio.c.o
                0x1000367c                stdio_init_all
 .text.stdio_getchar_timeout_us
                0x10003684       0x98 CMakeFiles/vlp_pico.dir/home/vivian/aihackathon/systems_meet_ai_hackaton/.deps/pico-sdk/src/rp2_common/pico_stdio/stdio.c.o
                0x10003684                stdio_getchar_timeout_us
 .text.__wrap_putchar
                0x1000371c       0x94 CMakeFiles/vlp_pico.dir/home/vivian/aihackathon/systems_meet_ai_hackaton/.deps/pico-sdk/src/rp2_common/pico_stdio/stdio.c.o
                0x1000371c                stdio_putchar
                0x1000371c                __wrap_putchar
 .text.__wrap_puts
                0x100037b0       0x3c CMakeFiles/vlp_pico.dir/home/vivian/aihackathon/systems_meet_ai_hackaton/.deps/pico-sdk/src/rp2_common/pico_stdio/stdio.c.o
                0x100037b0                __wrap_puts
                0x100037b0                stdio_puts
 .text.stdio_usb_set_chars_available_callback
                0x100037ec       0x14 CMakeFiles/vlp_pico.dir/home/vivian/aihackathon/systems_meet_ai_hackaton/.deps/pico-sdk/src/rp2_common/pico_stdio_usb/stdio_usb.c.o
                0x100037ec                stdio_usb_set_chars_available_callback
 .text.usb_irq  0x10003800       0x10 CMakeFiles/vlp_pico.dir/home/vivian/aihackathon/systems_meet_ai_hackaton/.deps/pico-sdk/src/rp2_common/pico_stdio_usb/stdio_usb.c.o
 .text.timer_task
                0x10003810       0x64 CMakeFiles/vlp_pico.dir/home/vivian/aihackathon/systems_meet_ai_hackaton/.deps/pico-sdk/src/rp2_common/pico_stdio_usb/stdio_usb.c.o
 .text.stdio_usb_in_chars
                0x10003874       0x8c CMakeFiles/vlp_pico.dir/home/vivian/aihackathon/systems_meet_ai_hackaton/.deps/pico-sdk/src/rp2_common/pico_stdio_usb/stdio_usb.c.o
                0x10003874                stdio_usb_in_chars
 .text.stdio_usb_out_flush
                0x10003900       0x4c CMakeFiles/vlp_pico.dir/home/vivian/aihackathon/systems_meet_ai_hackaton/.deps/pico-sdk/src/rp2_common/pico_stdio_usb/stdio_usb.c.o
 .text.stdio_usb_out_chars
                0x1000394c      0x100 CMakeFiles/vlp_pico.dir/home/vivian/aihackathon/systems_meet_ai_hackaton/.deps/pico-sdk/src/rp2_common/pico_stdio_usb/stdio_usb.c.o
 .text.low_priority_worker_irq
                0x10003a4c       0xc8 CMakeFiles/vlp_pico.dir/home/vivian/aihackathon/systems_meet_ai_hackaton/.deps/pico-sdk/src/rp2_common/pico_stdio_usb/stdio_usb.c.o
 .text.stdio_usb_init
                0x10003b14       0xe8 CMakeFiles/vlp_pico.dir/home/vivian/aihackathon/systems_meet_ai_hackaton/.deps/pico-sdk/src/rp2_common/pico_stdio_usb/stdio_usb.c.o
                0x10003b14                stdio_usb_init
 .text.tud_descriptor_device_cb
                0x10003bfc        0x8 CMakeFiles/vlp_pico.dir/home/vivian/aihackathon/systems_meet_ai_hackaton/.deps/pico-sdk/src/rp2_common/pico_stdio_usb/stdio_usb_descriptors.c.o
                0x10003bfc                tud_descriptor_device_cb
 .text.tud_descriptor_configuration_cb
                0x10003c04        0x8 CMakeFiles/vlp_pico.dir/home/vivian/aihackathon/systems_meet_ai_hackaton/.deps/pico-sdk/src/rp2_common/pico_stdio_usb/stdio_usb_descriptors.c.o
                0x10003c04                tud_descriptor_configuration_cb
 .text.tud_descriptor_string_cb
                0x10003c0c       0x78 CMakeFiles/vlp_pico.dir/home/vivian/aihackathon/systems_meet_ai_hackaton/.deps/pico-sdk/src/rp2_common/pico_stdio_usb/stdio_usb_descriptors.c.o
                0x10003c0c                tud_descriptor_string_cb
 .text.startup._retrieve_unique_id_on_boot
                0x10003c84       0x10 CMakeFiles/vlp_pico.dir/home/vivian/aihackathon/systems_meet_ai_hackaton/.deps/pico-sdk/src/rp2_common/pico_unique_id/unique_id.c.o
 .text.pico_get_unique_board_id_string
                0x10003c94      0x1a8 CMakeFiles/vlp_pico.dir/home/vivian/aihackathon/systems_meet_ai_hackaton/.deps/pico-sdk/src/rp2_common/pico_unique_id/unique_id.c.o
                0x10003c94                pico_get_unique_board_id_string
 .text.flash_get_unique_id
                0x10003e3c       0x3c CMakeFiles/vlp_pico.dir/home/vivian/aihackathon/systems_meet_ai_hackaton/.deps/pico-sdk/src/rp2_common/hardware_flash/flash.c.o
                0x10003e3c                flash_get_unique_id
 .text.usb_reset_interface_init
                0x10003e78        0x4 CMakeFiles/vlp_pico.dir/home/vivian/aihackathon/systems_meet_ai_hackaton/.deps/pico-sdk/src/rp2_common/pico_usb_reset/usb_reset.c.o
                0x10003e78                usb_reset_interface_init
 .text.usb_reset_interface_reset
                0x10003e7c        0xc CMakeFiles/vlp_pico.dir/home/vivian/aihackathon/systems_meet_ai_hackaton/.deps/pico-sdk/src/rp2_common/pico_usb_reset/usb_reset.c.o
                0x10003e7c                usb_reset_interface_reset
 .text.usb_reset_interface_open
                0x10003e88       0x28 CMakeFiles/vlp_pico.dir/home/vivian/aihackathon/systems_meet_ai_hackaton/.deps/pico-sdk/src/rp2_common/pico_usb_reset/usb_reset.c.o
                0x10003e88                usb_reset_interface_open
 .text.usb_reset_interface_xfer_cb
                0x10003eb0        0x4 CMakeFiles/vlp_pico.dir/home/vivian/aihackathon/systems_meet_ai_hackaton/.deps/pico-sdk/src/rp2_common/pico_usb_reset/usb_reset.c.o
                0x10003eb0                usb_reset_interface_xfer_cb
 .text.usb_reset_interface_control_xfer_cb
                0x10003eb4       0x60 CMakeFiles/vlp_pico.dir/home/vivian/aihackathon/systems_meet_ai_hackaton/.deps/pico-sdk/src/rp2_common/pico_usb_reset/usb_reset.c.o
                0x10003eb4                usb_reset_interface_control_xfer_cb
 .text.tud_descriptor_bos_cb
                0x10003f14        0x8 CMakeFiles/vlp_pico.dir/home/vivian/aihackathon/systems_meet_ai_hackaton/.deps/pico-sdk/src/rp2_common/pico_usb_reset/usb_reset.c.o
                0x10003f14                tud_descriptor_bos_cb
 .text.tud_vendor_control_xfer_cb
                0x10003f1c       0x34 CMakeFiles/vlp_pico.dir/home/vivian/aihackathon/systems_meet_ai_hackaton/.deps/pico-sdk/src/rp2_common/pico_usb_reset/usb_reset.c.o
                0x10003f1c                tud_vendor_control_xfer_cb
 .text.usbd_app_driver_get_cb
                0x10003f50        0xc CMakeFiles/vlp_pico.dir/home/vivian/aihackathon/systems_meet_ai_hackaton/.deps/pico-sdk/src/rp2_common/pico_usb_reset/usb_reset.c.o
                0x10003f50                usbd_app_driver_get_cb
 .text.tud_cdc_line_coding_cb
                0x10003f5c       0x2c CMakeFiles/vlp_pico.dir/home/vivian/aihackathon/systems_meet_ai_hackaton/.deps/pico-sdk/src/rp2_common/pico_usb_reset/usb_reset.c.o
                0x10003f5c                tud_cdc_line_coding_cb
 .text.dcd_init
                0x10003f88       0x90 CMakeFiles/vlp_pico.dir/home/vivian/aihackathon/systems_meet_ai_hackaton/.deps/pico-sdk/lib/tinyusb/src/portable/raspberrypi/rp2040/dcd_rp2040.c.o
                0x10003f88                dcd_init
 .text.dcd_int_enable
                0x10004018        0xc CMakeFiles/vlp_pico.dir/home/vivian/aihackathon/systems_meet_ai_hackaton/.deps/pico-sdk/lib/tinyusb/src/portable/raspberrypi/rp2040/dcd_rp2040.c.o
                0x10004018                dcd_int_enable
 .text.dcd_set_address
                0x10004024       0x14 CMakeFiles/vlp_pico.dir/home/vivian/aihackathon/systems_meet_ai_hackaton/.deps/pico-sdk/lib/tinyusb/src/portable/raspberrypi/rp2040/dcd_rp2040.c.o
                0x10004024                dcd_set_address
 .text.dcd_sof_enable
                0x10004038       0x1c CMakeFiles/vlp_pico.dir/home/vivian/aihackathon/systems_meet_ai_hackaton/.deps/pico-sdk/lib/tinyusb/src/portable/raspberrypi/rp2040/dcd_rp2040.c.o
                0x10004038                dcd_sof_enable
 .text.dcd_edpt0_status_complete
                0x10004054       0x1c CMakeFiles/vlp_pico.dir/home/vivian/aihackathon/systems_meet_ai_hackaton/.deps/pico-sdk/lib/tinyusb/src/portable/raspberrypi/rp2040/dcd_rp2040.c.o
                0x10004054                dcd_edpt0_status_complete
 .text.dcd_edpt_open
                0x10004070       0xf8 CMakeFiles/vlp_pico.dir/home/vivian/aihackathon/systems_meet_ai_hackaton/.deps/pico-sdk/lib/tinyusb/src/portable/raspberrypi/rp2040/dcd_rp2040.c.o
                0x10004070                dcd_edpt_open
 .text.dcd_edpt_close_all
                0x10004168        0x8 CMakeFiles/vlp_pico.dir/home/vivian/aihackathon/systems_meet_ai_hackaton/.deps/pico-sdk/lib/tinyusb/src/portable/raspberrypi/rp2040/dcd_rp2040.c.o
                0x10004168                dcd_edpt_close_all
 .text.dcd_edpt_xfer
                0x10004170       0x24 CMakeFiles/vlp_pico.dir/home/vivian/aihackathon/systems_meet_ai_hackaton/.deps/pico-sdk/lib/tinyusb/src/portable/raspberrypi/rp2040/dcd_rp2040.c.o
                0x10004170                dcd_edpt_xfer
 .text.dcd_edpt_stall
                0x10004194       0x3c CMakeFiles/vlp_pico.dir/home/vivian/aihackathon/systems_meet_ai_hackaton/.deps/pico-sdk/lib/tinyusb/src/portable/raspberrypi/rp2040/dcd_rp2040.c.o
                0x10004194                dcd_edpt_stall
 .text.dcd_edpt_clear_stall
                0x100041d0       0x30 CMakeFiles/vlp_pico.dir/home/vivian/aihackathon/systems_meet_ai_hackaton/.deps/pico-sdk/lib/tinyusb/src/portable/raspberrypi/rp2040/dcd_rp2040.c.o
                0x100041d0                dcd_edpt_clear_stall
 .text.rp2040_usb_init
                0x10004200       0x40 CMakeFiles/vlp_pico.dir/home/vivian/aihackathon/systems_meet_ai_hackaton/.deps/pico-sdk/lib/tinyusb/src/portable/raspberrypi/rp2040/rp2040_usb.c.o
                0x10004200                rp2040_usb_init
 .text.hw_endpoint_xfer_start
                0x10004240       0x40 CMakeFiles/vlp_pico.dir/home/vivian/aihackathon/systems_meet_ai_hackaton/.deps/pico-sdk/lib/tinyusb/src/portable/raspberrypi/rp2040/rp2040_usb.c.o
                0x10004240                hw_endpoint_xfer_start
 .text.tud_event_hook_cb
                0x10004280        0x4 CMakeFiles/vlp_pico.dir/home/vivian/aihackathon/systems_meet_ai_hackaton/.deps/pico-sdk/lib/tinyusb/src/device/usbd.c.o
                0x10004280                tud_event_hook_cb
 .text.tud_sof_cb
                0x10004284        0x4 CMakeFiles/vlp_pico.dir/home/vivian/aihackathon/systems_meet_ai_hackaton/.deps/pico-sdk/lib/tinyusb/src/device/usbd.c.o
                0x10004284                tud_sof_cb
 .text.tud_descriptor_device_qualifier_cb
                0x10004288        0x4 CMakeFiles/vlp_pico.dir/home/vivian/aihackathon/systems_meet_ai_hackaton/.deps/pico-sdk/lib/tinyusb/src/device/usbd.c.o
                0x10004288                tud_descriptor_device_qualifier_cb
 .text.tud_descriptor_other_speed_configuration_cb
                0x1000428c        0x4 CMakeFiles/vlp_pico.dir/home/vivian/aihackathon/systems_meet_ai_hackaton/.deps/pico-sdk/lib/tinyusb/src/device/usbd.c.o
                0x1000428c                tud_descriptor_other_speed_configuration_cb
 .text.tud_mount_cb
                0x10004290        0x4 CMakeFiles/vlp_pico.dir/home/vivian/aihackathon/systems_meet_ai_hackaton/.deps/pico-sdk/lib/tinyusb/src/device/usbd.c.o
                0x10004290                tud_mount_cb
 .text.tud_umount_cb
                0x10004294        0x4 CMakeFiles/vlp_pico.dir/home/vivian/aihackathon/systems_meet_ai_hackaton/.deps/pico-sdk/lib/tinyusb/src/device/usbd.c.o
                0x10004294                tud_umount_cb
 .text.tud_suspend_cb
                0x10004298        0x4 CMakeFiles/vlp_pico.dir/home/vivian/aihackathon/systems_meet_ai_hackaton/.deps/pico-sdk/lib/tinyusb/src/device/usbd.c.o
                0x10004298                tud_suspend_cb
 .text.tud_resume_cb
                0x1000429c        0x4 CMakeFiles/vlp_pico.dir/home/vivian/aihackathon/systems_meet_ai_hackaton/.deps/pico-sdk/lib/tinyusb/src/device/usbd.c.o
                0x1000429c                tud_resume_cb
 .text.tud_mounted
                0x100042a0       0x10 CMakeFiles/vlp_pico.dir/home/vivian/aihackathon/systems_meet_ai_hackaton/.deps/pico-sdk/lib/tinyusb/src/device/usbd.c.o
                0x100042a0                tud_mounted
 .text.tud_suspended
                0x100042b0       0x10 CMakeFiles/vlp_pico.dir/home/vivian/aihackathon/systems_meet_ai_hackaton/.deps/pico-sdk/lib/tinyusb/src/device/usbd.c.o
                0x100042b0                tud_suspended
 .text.tud_rhport_init
                0x100042c0       0xec CMakeFiles/vlp_pico.dir/home/vivian/aihackathon/systems_meet_ai_hackaton/.deps/pico-sdk/lib/tinyusb/src/device/usbd.c.o
                0x100042c0                tud_rhport_init
 .text.tud_task_ext
                0x100043ac      0x7d8 CMakeFiles/vlp_pico.dir/home/vivian/aihackathon/systems_meet_ai_hackaton/.deps/pico-sdk/lib/tinyusb/src/device/usbd.c.o
                0x100043ac                tud_task_ext
 .text.usbd_open_edpt_pair
                0x10004b84       0x9c CMakeFiles/vlp_pico.dir/home/vivian/aihackathon/systems_meet_ai_hackaton/.deps/pico-sdk/lib/tinyusb/src/device/usbd.c.o
                0x10004b84                usbd_open_edpt_pair
 .text.usbd_edpt_open
                0x10004c20       0x34 CMakeFiles/vlp_pico.dir/home/vivian/aihackathon/systems_meet_ai_hackaton/.deps/pico-sdk/lib/tinyusb/src/device/usbd.c.o
                0x10004c20                usbd_edpt_open
 .text.usbd_edpt_claim
                0x10004c54       0x28 CMakeFiles/vlp_pico.dir/home/vivian/aihackathon/systems_meet_ai_hackaton/.deps/pico-sdk/lib/tinyusb/src/device/usbd.c.o
                0x10004c54                usbd_edpt_claim
 .text.usbd_edpt_release
                0x10004c7c       0x28 CMakeFiles/vlp_pico.dir/home/vivian/aihackathon/systems_meet_ai_hackaton/.deps/pico-sdk/lib/tinyusb/src/device/usbd.c.o
                0x10004c7c                usbd_edpt_release
 .text.usbd_edpt_xfer
                0x10004ca4       0x4c CMakeFiles/vlp_pico.dir/home/vivian/aihackathon/systems_meet_ai_hackaton/.deps/pico-sdk/lib/tinyusb/src/device/usbd.c.o
                0x10004ca4                usbd_edpt_xfer
 .text.tud_control_status
                0x10004cf0       0x2c CMakeFiles/vlp_pico.dir/home/vivian/aihackathon/systems_meet_ai_hackaton/.deps/pico-sdk/lib/tinyusb/src/device/usbd_control.c.o
                0x10004cf0                tud_control_status
 .text.tud_control_xfer
                0x10004d1c       0xa8 CMakeFiles/vlp_pico.dir/home/vivian/aihackathon/systems_meet_ai_hackaton/.deps/pico-sdk/lib/tinyusb/src/device/usbd_control.c.o
                0x10004d1c                tud_control_xfer
 .text.usbd_control_reset
                0x10004dc4       0x14 CMakeFiles/vlp_pico.dir/home/vivian/aihackathon/systems_meet_ai_hackaton/.deps/pico-sdk/lib/tinyusb/src/device/usbd_control.c.o
                0x10004dc4                usbd_control_reset
 .text.usbd_control_set_complete_callback
                0x10004dd8        0xc CMakeFiles/vlp_pico.dir/home/vivian/aihackathon/systems_meet_ai_hackaton/.deps/pico-sdk/lib/tinyusb/src/device/usbd_control.c.o
                0x10004dd8                usbd_control_set_complete_callback
 .text.usbd_control_set_request
                0x10004de4       0x1c CMakeFiles/vlp_pico.dir/home/vivian/aihackathon/systems_meet_ai_hackaton/.deps/pico-sdk/lib/tinyusb/src/device/usbd_control.c.o
                0x10004de4                usbd_control_set_request
 .text.usbd_control_xfer_cb
                0x10004e00       0xec CMakeFiles/vlp_pico.dir/home/vivian/aihackathon/systems_meet_ai_hackaton/.deps/pico-sdk/lib/tinyusb/src/device/usbd_control.c.o
                0x10004e00                usbd_control_xfer_cb
 .text._prep_out_transaction.isra.0
                0x10004eec       0x6c CMakeFiles/vlp_pico.dir/home/vivian/aihackathon/systems_meet_ai_hackaton/.deps/pico-sdk/lib/tinyusb/src/class/cdc/cdc_device.c.o
 .text.tud_cdc_n_connected
                0x10004f58       0x2c CMakeFiles/vlp_pico.dir/home/vivian/aihackathon/systems_meet_ai_hackaton/.deps/pico-sdk/lib/tinyusb/src/class/cdc/cdc_device.c.o
                0x10004f58                tud_cdc_n_connected
 .text.tud_cdc_n_available
                0x10004f84       0x14 CMakeFiles/vlp_pico.dir/home/vivian/aihackathon/systems_meet_ai_hackaton/.deps/pico-sdk/lib/tinyusb/src/class/cdc/cdc_device.c.o
                0x10004f84                tud_cdc_n_available
 .text.tud_cdc_n_read
                0x10004f98       0x88 CMakeFiles/vlp_pico.dir/home/vivian/aihackathon/systems_meet_ai_hackaton/.deps/pico-sdk/lib/tinyusb/src/class/cdc/cdc_device.c.o
                0x10004f98                tud_cdc_n_read
 .text.tud_cdc_n_write_flush
                0x10005020       0x74 CMakeFiles/vlp_pico.dir/home/vivian/aihackathon/systems_meet_ai_hackaton/.deps/pico-sdk/lib/tinyusb/src/class/cdc/cdc_device.c.o
                0x10005020                tud_cdc_n_write_flush
 .text.tud_cdc_n_write
                0x10005094       0x40 CMakeFiles/vlp_pico.dir/home/vivian/aihackathon/systems_meet_ai_hackaton/.deps/pico-sdk/lib/tinyusb/src/class/cdc/cdc_device.c.o
                0x10005094                tud_cdc_n_write
 .text.tud_cdc_n_write_available
                0x100050d4       0x14 CMakeFiles/vlp_pico.dir/home/vivian/aihackathon/systems_meet_ai_hackaton/.deps/pico-sdk/lib/tinyusb/src/class/cdc/cdc_device.c.o
                0x100050d4                tud_cdc_n_write_available
 .text.cdcd_init
                0x100050e8       0x70 CMakeFiles/vlp_pico.dir/home/vivian/aihackathon/systems_meet_ai_hackaton/.deps/pico-sdk/lib/tinyusb/src/class/cdc/cdc_device.c.o
                0x100050e8                cdcd_init
 .text.cdcd_deinit
                0x10005158       0x30 CMakeFiles/vlp_pico.dir/home/vivian/aihackathon/systems_meet_ai_hackaton/.deps/pico-sdk/lib/tinyusb/src/class/cdc/cdc_device.c.o
                0x10005158                cdcd_deinit
 .text.cdcd_reset
                0x10005188       0x4c CMakeFiles/vlp_pico.dir/home/vivian/aihackathon/systems_meet_ai_hackaton/.deps/pico-sdk/lib/tinyusb/src/class/cdc/cdc_device.c.o
                0x10005188                cdcd_reset
 .text.cdcd_open
                0x100051d4       0xa4 CMakeFiles/vlp_pico.dir/home/vivian/aihackathon/systems_meet_ai_hackaton/.deps/pico-sdk/lib/tinyusb/src/class/cdc/cdc_device.c.o
                0x100051d4                cdcd_open
 .text.cdcd_control_xfer_cb
                0x10005278       0xe8 CMakeFiles/vlp_pico.dir/home/vivian/aihackathon/systems_meet_ai_hackaton/.deps/pico-sdk/lib/tinyusb/src/class/cdc/cdc_device.c.o
                0x10005278                cdcd_control_xfer_cb
 .text.cdcd_xfer_cb
                0x10005360      0x100 CMakeFiles/vlp_pico.dir/home/vivian/aihackathon/systems_meet_ai_hackaton/.deps/pico-sdk/lib/tinyusb/src/class/cdc/cdc_device.c.o
                0x10005360                cdcd_xfer_cb
 .text.tusb_rhport_init
                0x10005460       0x4c CMakeFiles/vlp_pico.dir/home/vivian/aihackathon/systems_meet_ai_hackaton/.deps/pico-sdk/lib/tinyusb/src/tusb.c.o
                0x10005460                tusb_rhport_init
 .text.tu_edpt_claim
                0x100054ac       0x50 CMakeFiles/vlp_pico.dir/home/vivian/aihackathon/systems_meet_ai_hackaton/.deps/pico-sdk/lib/tinyusb/src/tusb.c.o
                0x100054ac                tu_edpt_claim
 .text.tu_edpt_release
                0x100054fc       0x38 CMakeFiles/vlp_pico.dir/home/vivian/aihackathon/systems_meet_ai_hackaton/.deps/pico-sdk/lib/tinyusb/src/tusb.c.o
                0x100054fc                tu_edpt_release
 .text.tu_edpt_validate
                0x10005534       0x7c CMakeFiles/vlp_pico.dir/home/vivian/aihackathon/systems_meet_ai_hackaton/.deps/pico-sdk/lib/tinyusb/src/tusb.c.o
                0x10005534                tu_edpt_validate
 .text.tu_edpt_bind_driver
                0x100055b0       0x34 CMakeFiles/vlp_pico.dir/home/vivian/aihackathon/systems_meet_ai_hackaton/.deps/pico-sdk/lib/tinyusb/src/tusb.c.o
                0x100055b0                tu_edpt_bind_driver
 .text.tu_fifo_config
                0x100055e4       0x6c CMakeFiles/vlp_pico.dir/home/vivian/aihackathon/systems_meet_ai_hackaton/.deps/pico-sdk/lib/tinyusb/src/common/tusb_fifo.c.o
                0x100055e4                tu_fifo_config
 .text.tu_fifo_count
                0x10005650       0x2c CMakeFiles/vlp_pico.dir/home/vivian/aihackathon/systems_meet_ai_hackaton/.deps/pico-sdk/lib/tinyusb/src/common/tusb_fifo.c.o
                0x10005650                tu_fifo_count
 .text.tu_fifo_empty
                0x1000567c       0x10 CMakeFiles/vlp_pico.dir/home/vivian/aihackathon/systems_meet_ai_hackaton/.deps/pico-sdk/lib/tinyusb/src/common/tusb_fifo.c.o
                0x1000567c                tu_fifo_empty
 .text.tu_fifo_remaining
                0x1000568c       0x2c CMakeFiles/vlp_pico.dir/home/vivian/aihackathon/systems_meet_ai_hackaton/.deps/pico-sdk/lib/tinyusb/src/common/tusb_fifo.c.o
                0x1000568c                tu_fifo_remaining
 .text.tu_fifo_read
                0x100056b8       0x9c CMakeFiles/vlp_pico.dir/home/vivian/aihackathon/systems_meet_ai_hackaton/.deps/pico-sdk/lib/tinyusb/src/common/tusb_fifo.c.o
                0x100056b8                tu_fifo_read
 .text.tu_fifo_read_n
                0x10005754       0xe8 CMakeFiles/vlp_pico.dir/home/vivian/aihackathon/systems_meet_ai_hackaton/.deps/pico-sdk/lib/tinyusb/src/common/tusb_fifo.c.o
                0x10005754                tu_fifo_read_n
 .text.tu_fifo_write
                0x1000583c       0xa4 CMakeFiles/vlp_pico.dir/home/vivian/aihackathon/systems_meet_ai_hackaton/.deps/pico-sdk/lib/tinyusb/src/common/tusb_fifo.c.o
                0x1000583c                tu_fifo_write
 .text.tu_fifo_write_n
                0x100058e0      0x178 CMakeFiles/vlp_pico.dir/home/vivian/aihackathon/systems_meet_ai_hackaton/.deps/pico-sdk/lib/tinyusb/src/common/tusb_fifo.c.o
                0x100058e0                tu_fifo_write_n
 .text.tu_fifo_clear
                0x10005a58       0x40 CMakeFiles/vlp_pico.dir/home/vivian/aihackathon/systems_meet_ai_hackaton/.deps/pico-sdk/lib/tinyusb/src/common/tusb_fifo.c.o
                0x10005a58                tu_fifo_clear
 .text.tu_fifo_set_overwritable
                0x10005a98       0x48 CMakeFiles/vlp_pico.dir/home/vivian/aihackathon/systems_meet_ai_hackaton/.deps/pico-sdk/lib/tinyusb/src/common/tusb_fifo.c.o
                0x10005a98                tu_fifo_set_overwritable
 .text.runtime_init_per_core_tls_setup
                0x10005ae0        0xc CMakeFiles/vlp_pico.dir/home/vivian/aihackathon/systems_meet_ai_hackaton/.deps/pico-sdk/src/rp2_common/pico_thread_local/thread_local.c.o
                0x10005ae0                runtime_init_per_core_tls_setup
 .text.core1_trampoline
                0x10005aec        0x4 CMakeFiles/vlp_pico.dir/home/vivian/aihackathon/systems_meet_ai_hackaton/.deps/pico-sdk/src/rp2_common/pico_multicore/multicore.c.o
 .text.core1_wrapper
                0x10005af0        0xc CMakeFiles/vlp_pico.dir/home/vivian/aihackathon/systems_meet_ai_hackaton/.deps/pico-sdk/src/rp2_common/pico_multicore/multicore.c.o
                0x10005af0                core1_wrapper
 .text.multicore_fifo_push_blocking
                0x10005afc       0x14 CMakeFiles/vlp_pico.dir/home/vivian/aihackathon/systems_meet_ai_hackaton/.deps/pico-sdk/src/rp2_common/pico_multicore/multicore.c.o
                0x10005afc                multicore_fifo_push_blocking
 .text.multicore_fifo_pop_blocking
                0x10005b10       0x1c CMakeFiles/vlp_pico.dir/home/vivian/aihackathon/systems_meet_ai_hackaton/.deps/pico-sdk/src/rp2_common/pico_multicore/multicore.c.o
                0x10005b10                multicore_fifo_pop_blocking
 .text.multicore_reset_core1
                0x10005b2c       0x60 CMakeFiles/vlp_pico.dir/home/vivian/aihackathon/systems_meet_ai_hackaton/.deps/pico-sdk/src/rp2_common/pico_multicore/multicore.c.o
                0x10005b2c                multicore_reset_core1
 .text.multicore_launch_core1_raw
                0x10005b8c       0x94 CMakeFiles/vlp_pico.dir/home/vivian/aihackathon/systems_meet_ai_hackaton/.deps/pico-sdk/src/rp2_common/pico_multicore/multicore.c.o
                0x10005b8c                multicore_launch_core1_raw
 .text.multicore_launch_core1
                0x10005c20       0x58 CMakeFiles/vlp_pico.dir/home/vivian/aihackathon/systems_meet_ai_hackaton/.deps/pico-sdk/src/rp2_common/pico_multicore/multicore.c.o
                0x10005c20                multicore_launch_core1
 .text._ZN6tflite17ConvertTensorTypeENS_10TensorTypeEP10TfLiteTypePNS_13ErrorReporterE
                0x10005c78       0xa0 ../../libpico-tflmicro.a(flatbuffer_conversions.cpp.o)
                0x10005c78                tflite::ConvertTensorType(tflite::TensorType, TfLiteType*, tflite::ErrorReporter*)
 .text._ZN6tflite19ParseFullyConnectedEPKNS_8OperatorEPNS_13ErrorReporterEPNS_20BuiltinDataAllocatorEPPv
                0x10005d18      0x144 ../../libpico-tflmicro.a(flatbuffer_conversions.cpp.o)
                0x10005d18                tflite::ParseFullyConnected(tflite::Operator const*, tflite::ErrorReporter*, tflite::BuiltinDataAllocator*, void**)
 .text._ZN6tflite13ParseLogisticEPKNS_8OperatorEPNS_13ErrorReporterEPNS_20BuiltinDataAllocatorEPPv
                0x10005e5c        0x4 ../../libpico-tflmicro.a(flatbuffer_conversions.cpp.o)
                0x10005e5c                tflite::ParseLogistic(tflite::Operator const*, tflite::ErrorReporter*, tflite::BuiltinDataAllocator*, void**)
 .text._ZN6tflite9ParseReluEPKNS_8OperatorEPNS_13ErrorReporterEPNS_20BuiltinDataAllocatorEPPv
                0x10005e60        0x4 ../../libpico-tflmicro.a(flatbuffer_conversions.cpp.o)
                0x10005e60                tflite::ParseRelu(tflite::Operator const*, tflite::ErrorReporter*, tflite::BuiltinDataAllocator*, void**)
 .text._ZN6tflite9ParseTanhEPKNS_8OperatorEPNS_13ErrorReporterEPNS_20BuiltinDataAllocatorEPPv
                0x10005e64        0x4 ../../libpico-tflmicro.a(flatbuffer_conversions.cpp.o)
                0x10005e64                tflite::ParseTanh(tflite::Operator const*, tflite::ErrorReporter*, tflite::BuiltinDataAllocator*, void**)
 .text._ZN6tflite12_GLOBAL__N_18ReluInitEP13TfLiteContextPKcj
                0x10005e68        0xc ../../libpico-tflmicro.a(activations.cpp.o)
 .text._ZN6tflite12_GLOBAL__N_18ReluEvalEP13TfLiteContextP10TfLiteNode
                0x10005e74       0x90 ../../libpico-tflmicro.a(activations.cpp.o)
 .text._ZN6tflite13Register_RELUEv
                0x10005f04       0x2c ../../libpico-tflmicro.a(activations.cpp.o)
                0x10005f04                tflite::Register_RELU()
 .text._ZN6tflite13ReluQuantizedERKNS_10ReluOpDataERKNS_12RuntimeShapeES5_PKaPa
                0x10005f30       0x68 ../../libpico-tflmicro.a(activations_common.cpp.o)
                0x10005f30                tflite::ReluQuantized(tflite::ReluOpData const&, tflite::RuntimeShape const&, tflite::RuntimeShape const&, signed char const*, signed char*)
 .text._ZN6tflite9ReluFloatERKNS_12RuntimeShapeEPKfS2_Pf
                0x10005f98       0x68 ../../libpico-tflmicro.a(activations_common.cpp.o)
                0x10005f98                tflite::ReluFloat(tflite::RuntimeShape const&, float const*, tflite::RuntimeShape const&, float*)
 .text._ZN6tflite11ReluPrepareEP13TfLiteContextP10TfLiteNode
                0x10006000       0xe8 ../../libpico-tflmicro.a(activations_common.cpp.o)
                0x10006000                tflite::ReluPrepare(TfLiteContext*, TfLiteNode*)
 .text._ZN6tflite12_GLOBAL__N_14InitEP13TfLiteContextPKcj
                0x100060e8        0xc ../../libpico-tflmicro.a(fully_connected.cpp.o)
 .text._ZN6tflite12_GLOBAL__N_17PrepareEP13TfLiteContextP10TfLiteNode
                0x100060f4      0x318 ../../libpico-tflmicro.a(fully_connected.cpp.o)
 .text._ZN6tflite12_GLOBAL__N_118EvalQuantizedInt16EP13TfLiteContextP10TfLiteNodeRKNS0_6OpDataEPK16TfLiteEvalTensorSA_SA_PS8_.isra.0
                0x1000640c      0x12c ../../libpico-tflmicro.a(fully_connected.cpp.o)
 .text._ZN6tflite12_GLOBAL__N_117EvalQuantizedInt8EP13TfLiteContextP10TfLiteNodeRKNS0_6OpDataEPK16TfLiteEvalTensorSA_SA_PS8_.isra.0
                0x10006538      0x2a4 ../../libpico-tflmicro.a(fully_connected.cpp.o)
 .text._ZN6tflite12_GLOBAL__N_117EvalQuantizedInt4EP13TfLiteContextP10TfLiteNodeRKNS0_6OpDataEPK16TfLiteEvalTensorSA_SA_PS8_.isra.0
                0x100067dc      0x134 ../../libpico-tflmicro.a(fully_connected.cpp.o)
 .text._ZN6tflite12_GLOBAL__N_14EvalEP13TfLiteContextP10TfLiteNode
                0x10006910      0x2ac ../../libpico-tflmicro.a(fully_connected.cpp.o)
 .text._ZN6tflite24Register_FULLY_CONNECTEDEv
                0x10006bbc       0x2c ../../libpico-tflmicro.a(fully_connected.cpp.o)
                0x10006bbc                tflite::Register_FULLY_CONNECTED()
 .text._ZN6tflite25FullyConnectedParamsFloatE21TfLiteFusedActivation
                0x10006be8       0x3c ../../libpico-tflmicro.a(fully_connected_common.cpp.o)
                0x10006be8                tflite::FullyConnectedParamsFloat(TfLiteFusedActivation)
 .text._ZN6tflite29CalculateOpDataFullyConnectedEP13TfLiteContext21TfLiteFusedActivation10TfLiteTypePK12TfLiteTensorS6_S6_PS4_PNS_20OpDataFullyConnectedE
                0x10006c24      0x198 ../../libpico-tflmicro.a(fully_connected_common.cpp.o)
                0x10006c24                tflite::CalculateOpDataFullyConnected(TfLiteContext*, TfLiteFusedActivation, TfLiteType, TfLiteTensor const*, TfLiteTensor const*, TfLiteTensor const*, TfLiteTensor*, tflite::OpDataFullyConnected*)
 .text._ZN6tflite5micro10RegisterOpEPFPvP13TfLiteContextPKcjEPF12TfLiteStatusS3_P10TfLiteNodeESC_PFvS3_S1_ESE_
                0x10006dbc       0x18 ../../libpico-tflmicro.a(kernel_util.cpp.o)
                0x10006dbc                tflite::micro::RegisterOp(void* (*)(TfLiteContext*, char const*, unsigned int), TfLiteStatus (*)(TfLiteContext*, TfLiteNode*), TfLiteStatus (*)(TfLiteContext*, TfLiteNode*), void (*)(TfLiteContext*, void*), void (*)(TfLiteContext*, void*))
 .text._ZN6tflite5micro12GetEvalInputEPK13TfLiteContextPK10TfLiteNodei
                0x10006dd4       0x28 ../../libpico-tflmicro.a(kernel_util.cpp.o)
                0x10006dd4                tflite::micro::GetEvalInput(TfLiteContext const*, TfLiteNode const*, int)
 .text._ZN6tflite5micro13GetEvalOutputEPK13TfLiteContextPK10TfLiteNodei
                0x10006dfc       0x10 ../../libpico-tflmicro.a(kernel_util.cpp.o)
                0x10006dfc                tflite::micro::GetEvalOutput(TfLiteContext const*, TfLiteNode const*, int)
 .text._ZN6tflite5micro14GetTensorShapeEPK16TfLiteEvalTensor
                0x10006e0c       0x24 ../../libpico-tflmicro.a(kernel_util.cpp.o)
                0x10006e0c                tflite::micro::GetTensorShape(TfLiteEvalTensor const*)
 .text._ZN6tflite12_GLOBAL__N_112LogisticInitEP13TfLiteContextPKcj
                0x10006e30        0xc ../../libpico-tflmicro.a(logistic.cpp.o)
 .text._ZN6tflite17Register_LOGISTICEv
                0x10006e3c       0x2c ../../libpico-tflmicro.a(logistic.cpp.o)
                0x10006e3c                tflite::Register_LOGISTIC()
 .text._ZN8gemmlowp32one_over_one_plus_x_for_x_in_0_1IlEENS_10FixedPointIT_Li0EEES3_
                0x10006e68      0x3fc ../../libpico-tflmicro.a(logistic.cpp.o)
                0x10006e68                gemmlowp::FixedPoint<long, 0> gemmlowp::one_over_one_plus_x_for_x_in_0_1<long>(gemmlowp::FixedPoint<long, 0>)
 .text._ZN8gemmlowp55exp_on_interval_between_negative_one_quarter_and_0_exclIlEENS_10FixedPointIT_Li0EEES3_
                0x10007264      0x178 ../../libpico-tflmicro.a(logistic.cpp.o)
                0x10007264                gemmlowp::FixedPoint<long, 0> gemmlowp::exp_on_interval_between_negative_one_quarter_and_0_excl<long>(gemmlowp::FixedPoint<long, 0>)
 .text._ZN8gemmlowp22exp_on_negative_valuesIlLi4EEENS_10FixedPointIT_Li0EEENS1_IS2_XT0_EEE
                0x100073dc      0x370 ../../libpico-tflmicro.a(logistic.cpp.o)
                0x100073dc                gemmlowp::FixedPoint<long, 0> gemmlowp::exp_on_negative_values<long, 4>(gemmlowp::FixedPoint<long, 4>)
 .text._ZN6tflite12_GLOBAL__N_112LogisticEvalEP13TfLiteContextP10TfLiteNode
                0x1000774c      0x328 ../../libpico-tflmicro.a(logistic.cpp.o)
 .text._ZN6tflite33CalculateArithmeticOpDataLogisticEP13TfLiteContextP10TfLiteNodePNS_14OpDataLogisticE
                0x10007a74      0x27c ../../libpico-tflmicro.a(logistic_common.cpp.o)
                0x10007a74                tflite::CalculateArithmeticOpDataLogistic(TfLiteContext*, TfLiteNode*, tflite::OpDataLogistic*)
 .text._ZN6tflite15LogisticPrepareEP13TfLiteContextP10TfLiteNode
                0x10007cf0        0xc ../../libpico-tflmicro.a(logistic_common.cpp.o)
                0x10007cf0                tflite::LogisticPrepare(TfLiteContext*, TfLiteNode*)
 .text._ZN6tflite12_GLOBAL__N_18TanhInitEP13TfLiteContextPKcj
                0x10007cfc        0xc ../../libpico-tflmicro.a(tanh.cpp.o)
 .text._ZN6tflite12_GLOBAL__N_111TanhPrepareEP13TfLiteContextP10TfLiteNode
                0x10007d08      0x31c ../../libpico-tflmicro.a(tanh.cpp.o)
 .text._ZN6tflite13Register_TANHEv
                0x10008024       0x2c ../../libpico-tflmicro.a(tanh.cpp.o)
                0x10008024                tflite::Register_TANH()
 .text._ZN8gemmlowp40one_minus_x_over_one_plus_x_for_x_in_0_1IlEENS_10FixedPointIT_Li0EEES3_
                0x10008050      0x3fc ../../libpico-tflmicro.a(tanh.cpp.o)
                0x10008050                gemmlowp::FixedPoint<long, 0> gemmlowp::one_minus_x_over_one_plus_x_for_x_in_0_1<long>(gemmlowp::FixedPoint<long, 0>)
 .text._ZN8gemmlowp22exp_on_negative_valuesIlLi5EEENS_10FixedPointIT_Li0EEENS1_IS2_XT0_EEE
                0x1000844c      0x410 ../../libpico-tflmicro.a(tanh.cpp.o)
                0x1000844c                gemmlowp::FixedPoint<long, 0> gemmlowp::exp_on_negative_values<long, 5>(gemmlowp::FixedPoint<long, 5>)
 .text._ZN6tflite12_GLOBAL__N_18TanhEvalEP13TfLiteContextP10TfLiteNode
                0x1000885c      0x2a0 ../../libpico-tflmicro.a(tanh.cpp.o)
 .text._ZN6tflite14AlignPointerUpEPhj
                0x10008afc       0x10 ../../libpico-tflmicro.a(memory_helpers.cpp.o)
                0x10008afc                tflite::AlignPointerUp(unsigned char*, unsigned int)
 .text._ZN6tflite16AlignPointerDownEPhj
                0x10008b0c        0xc ../../libpico-tflmicro.a(memory_helpers.cpp.o)
                0x10008b0c                tflite::AlignPointerDown(unsigned char*, unsigned int)
 .text._ZN6tflite11AlignSizeUpEjj
                0x10008b18       0x10 ../../libpico-tflmicro.a(memory_helpers.cpp.o)
                0x10008b18                tflite::AlignSizeUp(unsigned int, unsigned int)
 .text._ZN6tflite16TfLiteTypeSizeOfE10TfLiteTypePj
                0x10008b28       0x60 ../../libpico-tflmicro.a(memory_helpers.cpp.o)
                0x10008b28                tflite::TfLiteTypeSizeOf(TfLiteType, unsigned int*)
 .text._ZN6tflite22BytesRequiredForTensorERKNS_6TensorEPjS3_
                0x10008b88       0x88 ../../libpico-tflmicro.a(memory_helpers.cpp.o)
                0x10008b88                tflite::BytesRequiredForTensor(tflite::Tensor const&, unsigned int*, unsigned int*)
 .text._ZN6tflite26TfLiteEvalTensorByteLengthEPK16TfLiteEvalTensorPj
                0x10008c10       0x88 ../../libpico-tflmicro.a(memory_helpers.cpp.o)
                0x10008c10                tflite::TfLiteEvalTensorByteLength(TfLiteEvalTensor const*, unsigned int*)
 .text._ZN6tflite12MicroContext23AllocateTempInputTensorEPK10TfLiteNodei
                0x10008c98       0x24 ../../libpico-tflmicro.a(micro_context.cpp.o)
                0x10008c98                tflite::MicroContext::AllocateTempInputTensor(TfLiteNode const*, int)
 .text._ZN6tflite12MicroContext24AllocateTempOutputTensorEPK10TfLiteNodei
                0x10008cbc       0x24 ../../libpico-tflmicro.a(micro_context.cpp.o)
                0x10008cbc                tflite::MicroContext::AllocateTempOutputTensor(TfLiteNode const*, int)
 .text._ZN6tflite25MicroContextReportOpErrorEP13TfLiteContextPKcz
                0x10008ce0       0x18 ../../libpico-tflmicro.a(micro_context.cpp.o)
                0x10008ce0                tflite::MicroContextReportOpError(TfLiteContext*, char const*, ...)
 .text._ZN6tflite36MicroContextAllocatePersistentBufferEP13TfLiteContextj